[    0.000000] log_buf_len individual max cpu contribution: 4096 bytes
[    0.000000] log_buf_len total cpu_extra contributions: 520192 bytes
[    0.000000] log_buf_len min size: 16384 bytes
[    0.000000] log_buf_len: 1048576 bytes
[    0.000000] early log buf free: 15972(97%)
[    0.000000] PID hash table entries: 4096 (order: 3, 32768 bytes)
[    0.000000] Dentry cache hash table entries: 131072 (order: 8, 1048576 bytes)
[    0.000000] Inode-cache hash table entries: 65536 (order: 7, 524288 bytes)
[    0.000000] Memory: 727904K/785908K available (6602K kernel code, 2607K rwdata, 1984K rodata, 1260K init, 712K bss, 58004K reserved, 0K cma-reserved)
[    0.000000] SLUB: HWalign=64, Order=0-3, MinObjects=0, CPUs=128, Nodes=1
[    0.000000] Hierarchical RCU implementation.
[    0.000000] 	Build-time adjustment of leaf fanout to 64.
[    0.000000] 	RCU restricting CPUs from NR_CPUS=256 to nr_cpu_ids=128.
[    0.000000] RCU: Adjusting geometry for rcu_fanout_leaf=64, nr_cpu_ids=128
[    0.000000] NR_IRQS:16640 nr_irqs:1448 16
[    0.000000] Console: colour VGA+ 80x25
[    0.000000] console [tty0] enabled
[    0.000000] clocksource: hpet: mask: 0xffffffff max_cycles: 0xffffffff, max_idle_ns: 133484882848 ns
[    0.000000] hpet clockevent registered
[    0.000000] tsc: Fast TSC calibration using PIT
[    0.000000] TSC freq read from hypervisor : 2808.000 MHz
[    0.000000] tsc: Detected 2807.786 MHz processor
[    0.000120] Calibrating delay loop (skipped) preset value.. 5618.00 BogoMIPS (lpj=9360000)
[    0.000126] pid_max: default: 131072 minimum: 1024
[    0.000162] ACPI: Core revision 20160831
[    0.003939] ACPI: 1 ACPI AML tables successfully acquired and loaded
[    0.003991] Mount-cache hash table entries: 2048 (order: 2, 16384 bytes)
[    0.003993] Mountpoint-cache hash table entries: 2048 (order: 2, 16384 bytes)
[    0.004045] Disabled fast string operations
[    0.004049] CPU: Physical Processor ID: 0
[    0.004055] ENERGY_PERF_BIAS: Set to 'normal', was 'performance'
[    0.004056] ENERGY_PERF_BIAS: View and update with x86_energy_perf_policy(8)
[    0.004085] PAX: PCID detected
[    0.004087] PAX: INVPCID detected
[    0.004092] Last level iTLB entries: 4KB 64, 2MB 8, 4MB 8
[    0.004093] Last level dTLB entries: 4KB 64, 2MB 0, 4MB 0, 1GB 4
[    0.014011] smpboot: Max logical packages: 128
[    0.014063] x2apic enabled
[    0.014115] Switched APIC routing to physical x2apic.
[    0.014350] ..TIMER: vector=0x30 apic1=0 pin1=2 apic2=-1 pin2=-1
[    0.014369] TSC deadline timer enabled
[    0.014397] smpboot: CPU0: Intel(R) Core(TM) i7-6600U CPU @ 2.60GHz (family: 0x6, model: 0x4e, stepping: 0x3)
[    0.014401] Performance Events: Skylake events, core PMU driver.
[    0.014443] core: CPUID marked event: 'cpu cycles' unavailable
[    0.014444] core: CPUID marked event: 'instructions' unavailable
[    0.014445] core: CPUID marked event: 'bus cycles' unavailable
[    0.014445] core: CPUID marked event: 'cache references' unavailable
[    0.014446] core: CPUID marked event: 'cache misses' unavailable
[    0.014447] core: CPUID marked event: 'branch instructions' unavailable
[    0.014447] core: CPUID marked event: 'branch misses' unavailable
[    0.014450] ... version:                1
[    0.014450] ... bit width:              48
[    0.014451] ... generic registers:      4
[    0.014452] ... value mask:             0000ffffffffffff
[    0.014452] ... max period:             000000007fffffff
[    0.014453] ... fixed-purpose events:   0
[    0.014454] ... event mask:             000000000000000f
[    0.021075] NMI watchdog: disabled (cpu0): hardware events not enabled
[    0.021077] NMI watchdog: Shutting down hard lockup detector on all cpus
[    0.028409] x86: Booted up 1 node, 1 CPUs
[    0.028411] ----------------
[    0.028412] | NMI testsuite:
[    0.028412] --------------------
[    0.028413]   remote IPI:  ok  |
[    0.028415]    local IPI:  ok  |
[    0.028424] --------------------
[    0.028425] Good, all   2 testcases passed! |
[    0.028425] ---------------------------------
[    0.028428] smpboot: Total of 1 processors activated (5618.00 BogoMIPS)
[    0.029316] devtmpfs: initialized
[    0.029696] PM: Registering ACPI NVS region [mem 0x2feff000-0x2fefffff] (4096 bytes)
[    0.029784] clocksource: jiffies: mask: 0xffffffff max_cycles: 0xffffffff, max_idle_ns: 6370867519511994 ns
[    0.029790] futex hash table entries: 32768 (order: 9, 2097152 bytes)
[    0.038131] pinctrl core: initialized pinctrl subsystem
[    0.038787] NET: Registered protocol family 16
[    0.041050] cpuidle: using governor ladder
[    0.041051] cpuidle: using governor menu
[    0.041118] Simple Boot Flag at 0x36 set to 0x80
[    0.041146] ACPI: bus type PCI registered
[    0.041148] acpiphp: ACPI Hot Plug PCI Controller Driver version: 0.5
[    0.042051] PCI: MMCONFIG for domain 0000 [bus 00-7f] at [mem 0xf0000000-0xf7ffffff] (base 0xf0000000)
[    0.042053] PCI: MMCONFIG at [mem 0xf0000000-0xf7ffffff] reserved in E820
[    0.042058] pmd_set_huge: Cannot satisfy [mem 0xf0000000-0xf0200000] with a huge-page mapping due to MTRR override.
[    0.043262] PCI: Using configuration type 1 for base access
[    0.055513] HugeTLB registered 2 MB page size, pre-allocated 0 pages
[    0.055928] ACPI: Added _OSI(Module Device)
[    0.055929] ACPI: Added _OSI(Processor Device)
[    0.055930] ACPI: Added _OSI(3.0 _SCP Extensions)
[    0.055931] ACPI: Added _OSI(Processor Aggregator Device)
[    0.059121] ACPI: [Firmware Bug]: BIOS _OSI(Linux) query ignored
[    0.073161] ACPI: Interpreter enabled
[    0.073171] ACPI: (supports S0 S1 S5)
[    0.073173] ACPI: Using IOAPIC for interrupt routing
[    0.073222] PCI: Using host bridge windows from ACPI; if necessary, use "pci=nocrs" and report a bug
[    0.151923] ACPI: PCI Root Bridge [PCI0] (domain 0000 [bus 00-7f])
[    0.151930] acpi PNP0A03:00: _OSC: OS supports [ExtendedConfig ASPM ClockPM Segments MSI]
[    0.152147] acpi PNP0A03:00: _OSC: OS now controls [PCIeHotplug PME PCIeCapability]
[    0.153816] PCI host bridge to bus 0000:00
[    0.153819] pci_bus 0000:00: root bus resource [mem 0x000a0000-0x000bffff window]
[    0.153820] pci_bus 0000:00: root bus resource [mem 0x000cc000-0x000cffff window]
[    0.153821] pci_bus 0000:00: root bus resource [mem 0x000d0000-0x000d3fff window]
[    0.153822] pci_bus 0000:00: root bus resource [mem 0x000d4000-0x000d7fff window]
[    0.153823] pci_bus 0000:00: root bus resource [mem 0x000d8000-0x000dbfff window]
[    0.153824] pci_bus 0000:00: root bus resource [mem 0xc0000000-0xfebfffff window]
[    0.153825] pci_bus 0000:00: root bus resource [io  0x0000-0x0cf7 window]
[    0.153826] pci_bus 0000:00: root bus resource [io  0x0d00-0xfeff window]
[    0.153827] pci_bus 0000:00: root bus resource [bus 00-7f]
[    0.153871] pci 0000:00:00.0: [8086:7190] type 00 class 0x060000
[    0.154373] pci 0000:00:01.0: [8086:7191] type 01 class 0x060400
[    0.154869] pci 0000:00:07.0: [8086:7110] type 00 class 0x060100
[    0.155444] pci 0000:00:07.1: [8086:7111] type 00 class 0x01018a
[    0.156409] pci 0000:00:07.1: reg 0x20: [io  0x1060-0x106f]
[    0.156804] pci 0000:00:07.1: legacy IDE quirk: reg 0x10: [io  0x01f0-0x01f7]
[    0.156806] pci 0000:00:07.1: legacy IDE quirk: reg 0x14: [io  0x03f6]
[    0.156807] pci 0000:00:07.1: legacy IDE quirk: reg 0x18: [io  0x0170-0x0177]
[    0.156808] pci 0000:00:07.1: legacy IDE quirk: reg 0x1c: [io  0x0376]
[    0.157025] pci 0000:00:07.3: [8086:7113] type 00 class 0x068000
[    0.158204] pci 0000:00:07.3: quirk: [io  0x1000-0x103f] claimed by PIIX4 ACPI
[    0.158213] pci 0000:00:07.3: quirk: [io  0x1040-0x104f] claimed by PIIX4 SMB
[    0.158473] pci 0000:00:07.7: [15ad:0740] type 00 class 0x088000
[    0.158934] pci 0000:00:07.7: reg 0x10: [io  0x1080-0x10bf]
[    0.159327] pci 0000:00:07.7: reg 0x14: [mem 0xfebfe000-0xfebfffff 64bit]
[    0.161219] pci 0000:00:0f.0: [15ad:0405] type 00 class 0x030000
[    0.161931] pci 0000:00:0f.0: reg 0x10: [io  0x1070-0x107f]
[    0.163007] pci 0000:00:0f.0: reg 0x14: [mem 0xe8000000-0xefffffff pref]
[    0.163976] pci 0000:00:0f.0: reg 0x18: [mem 0xfe000000-0xfe7fffff]
[    0.167764] pci 0000:00:0f.0: reg 0x30: [mem 0x00000000-0x00007fff pref]
[    0.168146] pci 0000:00:10.0: [1000:0030] type 00 class 0x010000
[    0.168729] pci 0000:00:10.0: reg 0x10: [io  0x1400-0x14ff]
[    0.169351] pci 0000:00:10.0: reg 0x14: [mem 0xfeba0000-0xfebbffff 64bit]
[    0.169915] pci 0000:00:10.0: reg 0x1c: [mem 0xfebc0000-0xfebdffff 64bit]
[    0.171064] pci 0000:00:10.0: reg 0x30: [mem 0x00000000-0x00003fff pref]
[    0.171446] pci 0000:00:11.0: [15ad:0790] type 01 class 0x060401
[    0.171873] pci 0000:00:11.0: System wakeup disabled by ACPI
[    0.172021] pci 0000:00:15.0: [15ad:07a0] type 01 class 0x060400
[    0.172552] pci 0000:00:15.0: PME# supported from D0 D3hot D3cold
[    0.172697] pci 0000:00:15.0: System wakeup disabled by ACPI
[    0.172804] pci 0000:00:15.1: [15ad:07a0] type 01 class 0x060400
[    0.173337] pci 0000:00:15.1: PME# supported from D0 D3hot D3cold
[    0.173479] pci 0000:00:15.1: System wakeup disabled by ACPI
[    0.173600] pci 0000:00:15.2: [15ad:07a0] type 01 class 0x060400
[    0.174088] pci 0000:00:15.2: PME# supported from D0 D3hot D3cold
[    0.174269] pci 0000:00:15.2: System wakeup disabled by ACPI
[    0.174410] pci 0000:00:15.3: [15ad:07a0] type 01 class 0x060400
[    0.174906] pci 0000:00:15.3: PME# supported from D0 D3hot D3cold
[    0.175050] pci 0000:00:15.3: System wakeup disabled by ACPI
[    0.175165] pci 0000:00:15.4: [15ad:07a0] type 01 class 0x060400
[    0.175651] pci 0000:00:15.4: PME# supported from D0 D3hot D3cold
[    0.175793] pci 0000:00:15.4: System wakeup disabled by ACPI
[    0.175911] pci 0000:00:15.5: [15ad:07a0] type 01 class 0x060400
[    0.176451] pci 0000:00:15.5: PME# supported from D0 D3hot D3cold
[    0.176595] pci 0000:00:15.5: System wakeup disabled by ACPI
[    0.176713] pci 0000:00:15.6: [15ad:07a0] type 01 class 0x060400
[    0.177241] pci 0000:00:15.6: PME# supported from D0 D3hot D3cold
[    0.177402] pci 0000:00:15.6: System wakeup disabled by ACPI
[    0.177523] pci 0000:00:15.7: [15ad:07a0] type 01 class 0x060400
[    0.178009] pci 0000:00:15.7: PME# supported from D0 D3hot D3cold
[    0.178161] pci 0000:00:15.7: System wakeup disabled by ACPI
[    0.178303] pci 0000:00:16.0: [15ad:07a0] type 01 class 0x060400
[    0.178819] pci 0000:00:16.0: PME# supported from D0 D3hot D3cold
[    0.178963] pci 0000:00:16.0: System wakeup disabled by ACPI
[    0.179073] pci 0000:00:16.1: [15ad:07a0] type 01 class 0x060400
[    0.179602] pci 0000:00:16.1: PME# supported from D0 D3hot D3cold
[    0.179769] pci 0000:00:16.1: System wakeup disabled by ACPI
[    0.179877] pci 0000:00:16.2: [15ad:07a0] type 01 class 0x060400
[    0.180422] pci 0000:00:16.2: PME# supported from D0 D3hot D3cold
[    0.180565] pci 0000:00:16.2: System wakeup disabled by ACPI
[    0.180695] pci 0000:00:16.3: [15ad:07a0] type 01 class 0x060400
[    0.181223] pci 0000:00:16.3: PME# supported from D0 D3hot D3cold
[    0.181366] pci 0000:00:16.3: System wakeup disabled by ACPI
[    0.181519] pci 0000:00:16.4: [15ad:07a0] type 01 class 0x060400
[    0.182005] pci 0000:00:16.4: PME# supported from D0 D3hot D3cold
[    0.182202] pci 0000:00:16.4: System wakeup disabled by ACPI
[    0.182368] pci 0000:00:16.5: [15ad:07a0] type 01 class 0x060400
[    0.182855] pci 0000:00:16.5: PME# supported from D0 D3hot D3cold
[    0.182998] pci 0000:00:16.5: System wakeup disabled by ACPI
[    0.183167] pci 0000:00:16.6: [15ad:07a0] type 01 class 0x060400
[    0.183654] pci 0000:00:16.6: PME# supported from D0 D3hot D3cold
[    0.183797] pci 0000:00:16.6: System wakeup disabled by ACPI
[    0.183921] pci 0000:00:16.7: [15ad:07a0] type 01 class 0x060400
[    0.184461] pci 0000:00:16.7: PME# supported from D0 D3hot D3cold
[    0.184605] pci 0000:00:16.7: System wakeup disabled by ACPI
[    0.184715] pci 0000:00:17.0: [15ad:07a0] type 01 class 0x060400
[    0.185281] pci 0000:00:17.0: PME# supported from D0 D3hot D3cold
[    0.185425] pci 0000:00:17.0: System wakeup disabled by ACPI
[    0.185546] pci 0000:00:17.1: [15ad:07a0] type 01 class 0x060400
[    0.186033] pci 0000:00:17.1: PME# supported from D0 D3hot D3cold
[    0.186267] pci 0000:00:17.1: System wakeup disabled by ACPI
[    0.186398] pci 0000:00:17.2: [15ad:07a0] type 01 class 0x060400
[    0.186885] pci 0000:00:17.2: PME# supported from D0 D3hot D3cold
[    0.187029] pci 0000:00:17.2: System wakeup disabled by ACPI
[    0.187193] pci 0000:00:17.3: [15ad:07a0] type 01 class 0x060400
[    0.187691] pci 0000:00:17.3: PME# supported from D0 D3hot D3cold
[    0.187859] pci 0000:00:17.3: System wakeup disabled by ACPI
[    0.187985] pci 0000:00:17.4: [15ad:07a0] type 01 class 0x060400
[    0.188546] pci 0000:00:17.4: PME# supported from D0 D3hot D3cold
[    0.188698] pci 0000:00:17.4: System wakeup disabled by ACPI
[    0.188823] pci 0000:00:17.5: [15ad:07a0] type 01 class 0x060400
[    0.189343] pci 0000:00:17.5: PME# supported from D0 D3hot D3cold
[    0.189486] pci 0000:00:17.5: System wakeup disabled by ACPI
[    0.189604] pci 0000:00:17.6: [15ad:07a0] type 01 class 0x060400
[    0.190124] pci 0000:00:17.6: PME# supported from D0 D3hot D3cold
[    0.190381] pci 0000:00:17.6: System wakeup disabled by ACPI
[    0.190551] pci 0000:00:17.7: [15ad:07a0] type 01 class 0x060400
[    0.191041] pci 0000:00:17.7: PME# supported from D0 D3hot D3cold
[    0.191229] pci 0000:00:17.7: System wakeup disabled by ACPI
[    0.191339] pci 0000:00:18.0: [15ad:07a0] type 01 class 0x060400
[    0.191868] pci 0000:00:18.0: PME# supported from D0 D3hot D3cold
[    0.192012] pci 0000:00:18.0: System wakeup disabled by ACPI
[    0.192147] pci 0000:00:18.1: [15ad:07a0] type 01 class 0x060400
[    0.192664] pci 0000:00:18.1: PME# supported from D0 D3hot D3cold
[    0.192807] pci 0000:00:18.1: System wakeup disabled by ACPI
[    0.192915] pci 0000:00:18.2: [15ad:07a0] type 01 class 0x060400
[    0.193455] pci 0000:00:18.2: PME# supported from D0 D3hot D3cold
[    0.193598] pci 0000:00:18.2: System wakeup disabled by ACPI
[    0.193724] pci 0000:00:18.3: [15ad:07a0] type 01 class 0x060400
[    0.194251] pci 0000:00:18.3: PME# supported from D0 D3hot D3cold
[    0.194413] pci 0000:00:18.3: System wakeup disabled by ACPI
[    0.194540] pci 0000:00:18.4: [15ad:07a0] type 01 class 0x060400
[    0.195049] pci 0000:00:18.4: PME# supported from D0 D3hot D3cold
[    0.195242] pci 0000:00:18.4: System wakeup disabled by ACPI
[    0.195351] pci 0000:00:18.5: [15ad:07a0] type 01 class 0x060400
[    0.195837] pci 0000:00:18.5: PME# supported from D0 D3hot D3cold
[    0.195979] pci 0000:00:18.5: System wakeup disabled by ACPI
[    0.196104] pci 0000:00:18.6: [15ad:07a0] type 01 class 0x060400
[    0.196590] pci 0000:00:18.6: PME# supported from D0 D3hot D3cold
[    0.196733] pci 0000:00:18.6: System wakeup disabled by ACPI
[    0.196852] pci 0000:00:18.7: [15ad:07a0] type 01 class 0x060400
[    0.197374] pci 0000:00:18.7: PME# supported from D0 D3hot D3cold
[    0.197517] pci 0000:00:18.7: System wakeup disabled by ACPI
[    0.197918] pci 0000:00:01.0: PCI bridge to [bus 01]
[    0.198302] acpiphp: Slot [32] registered
[    0.198336] acpiphp: Slot [33] registered
[    0.198367] acpiphp: Slot [34] registered
[    0.198396] acpiphp: Slot [35] registered
[    0.198426] acpiphp: Slot [36] registered
[    0.198455] acpiphp: Slot [37] registered
[    0.198508] acpiphp: Slot [38] registered
[    0.198538] acpiphp: Slot [39] registered
[    0.198567] acpiphp: Slot [40] registered
[    0.198596] acpiphp: Slot [41] registered
[    0.198626] acpiphp: Slot [42] registered
[    0.198656] acpiphp: Slot [43] registered
[    0.198685] acpiphp: Slot [44] registered
[    0.198734] acpiphp: Slot [45] registered
[    0.198764] acpiphp: Slot [46] registered
[    0.198793] acpiphp: Slot [47] registered
[    0.198823] acpiphp: Slot [48] registered
[    0.198853] acpiphp: Slot [49] registered
[    0.198882] acpiphp: Slot [50] registered
[    0.198973] acpiphp: Slot [51] registered
[    0.199136] acpiphp: Slot [52] registered
[    0.199231] acpiphp: Slot [53] registered
[    0.199349] acpiphp: Slot [54] registered
[    0.199443] acpiphp: Slot [55] registered
[    0.199687] acpiphp: Slot [56] registered
[    0.199779] acpiphp: Slot [57] registered
[    0.199999] acpiphp: Slot [58] registered
[    0.200146] acpiphp: Slot [59] registered
[    0.200261] acpiphp: Slot [60] registered
[    0.200349] acpiphp: Slot [61] registered
[    0.200464] acpiphp: Slot [62] registered
[    0.200654] acpiphp: Slot [63] registered
[    0.200936] pci 0000:02:00.0: [15ad:0774] type 00 class 0x0c0300
[    0.201817] pci 0000:02:00.0: reg 0x20: [io  0x2080-0x209f]
[    0.202477] pci 0000:02:00.0: System wakeup disabled by ACPI
[    0.202707] pci 0000:02:01.0: [8086:100f] type 00 class 0x020000
[    0.203355] pci 0000:02:01.0: reg 0x10: [mem 0xfd5c0000-0xfd5dffff 64bit]
[    0.203917] pci 0000:02:01.0: reg 0x18: [mem 0xfdff0000-0xfdffffff 64bit]
[    0.204514] pci 0000:02:01.0: reg 0x20: [io  0x2000-0x203f]
[    0.205405] pci 0000:02:01.0: reg 0x30: [mem 0x00000000-0x0000ffff pref]
[    0.205997] pci 0000:02:01.0: System wakeup disabled by ACPI
[    0.206124] pci 0000:02:02.0: [1274:1371] type 00 class 0x040100
[    0.206344] pci 0000:02:02.0: reg 0x10: [io  0x2040-0x207f]
[    0.207670] pci 0000:02:02.0: System wakeup disabled by ACPI
[    0.207758] pci 0000:02:03.0: [15ad:0770] type 00 class 0x0c0320
[    0.208058] pci 0000:02:03.0: reg 0x10: [mem 0xfd5ef000-0xfd5effff]
[    0.209903] pci 0000:02:03.0: System wakeup disabled by ACPI
[    0.210162] pci 0000:00:11.0: PCI bridge to [bus 02] (subtractive decode)
[    0.210178] pci 0000:00:11.0:   bridge window [io  0x2000-0x3fff]
[    0.210193] pci 0000:00:11.0:   bridge window [mem 0xfd500000-0xfdffffff]
[    0.210223] pci 0000:00:11.0:   bridge window [mem 0xe7b00000-0xe7ffffff 64bit pref]
[    0.210224] pci 0000:00:11.0:   bridge window [mem 0x000a0000-0x000bffff window] (subtractive decode)
[    0.210225] pci 0000:00:11.0:   bridge window [mem 0x000cc000-0x000cffff window] (subtractive decode)
[    0.210226] pci 0000:00:11.0:   bridge window [mem 0x000d0000-0x000d3fff window] (subtractive decode)
[    0.210228] pci 0000:00:11.0:   bridge window [mem 0x000d4000-0x000d7fff window] (subtractive decode)
[    0.210229] pci 0000:00:11.0:   bridge window [mem 0x000d8000-0x000dbfff window] (subtractive decode)
[    0.210230] pci 0000:00:11.0:   bridge window [mem 0xc0000000-0xfebfffff window] (subtractive decode)
[    0.210231] pci 0000:00:11.0:   bridge window [io  0x0000-0x0cf7 window] (subtractive decode)
[    0.210232] pci 0000:00:11.0:   bridge window [io  0x0d00-0xfeff window] (subtractive decode)
[    0.210512] pci 0000:00:15.0: PCI bridge to [bus 03]
[    0.210528] pci 0000:00:15.0:   bridge window [io  0x4000-0x4fff]
[    0.210543] pci 0000:00:15.0:   bridge window [mem 0xfd400000-0xfd4fffff]
[    0.210572] pci 0000:00:15.0:   bridge window [mem 0xe7a00000-0xe7afffff 64bit pref]
[    0.210853] pci 0000:00:15.1: PCI bridge to [bus 04]
[    0.210869] pci 0000:00:15.1:   bridge window [io  0x8000-0x8fff]
[    0.210884] pci 0000:00:15.1:   bridge window [mem 0xfd000000-0xfd0fffff]
[    0.210913] pci 0000:00:15.1:   bridge window [mem 0xe7600000-0xe76fffff 64bit pref]
[    0.211168] pci 0000:00:15.2: PCI bridge to [bus 05]
[    0.211183] pci 0000:00:15.2:   bridge window [io  0xc000-0xcfff]
[    0.211198] pci 0000:00:15.2:   bridge window [mem 0xfcc00000-0xfccfffff]
[    0.211227] pci 0000:00:15.2:   bridge window [mem 0xe7200000-0xe72fffff 64bit pref]
[    0.211483] pci 0000:00:15.3: PCI bridge to [bus 06]
[    0.211523] pci 0000:00:15.3:   bridge window [mem 0xfc800000-0xfc8fffff]
[    0.211554] pci 0000:00:15.3:   bridge window [mem 0xe6e00000-0xe6efffff 64bit pref]
[    0.211855] pci 0000:00:15.4: PCI bridge to [bus 07]
[    0.211899] pci 0000:00:15.4:   bridge window [mem 0xfc400000-0xfc4fffff]
[    0.211930] pci 0000:00:15.4:   bridge window [mem 0xe6a00000-0xe6afffff 64bit pref]
[    0.212226] pci 0000:00:15.5: PCI bridge to [bus 08]
[    0.212255] pci 0000:00:15.5:   bridge window [mem 0xfc000000-0xfc0fffff]
[    0.212284] pci 0000:00:15.5:   bridge window [mem 0xe6600000-0xe66fffff 64bit pref]
[    0.212603] pci 0000:00:15.6: PCI bridge to [bus 09]
[    0.212633] pci 0000:00:15.6:   bridge window [mem 0xfbc00000-0xfbcfffff]
[    0.212662] pci 0000:00:15.6:   bridge window [mem 0xe6200000-0xe62fffff 64bit pref]
[    0.212998] pci 0000:00:15.7: PCI bridge to [bus 0a]
[    0.213027] pci 0000:00:15.7:   bridge window [mem 0xfb800000-0xfb8fffff]
[    0.213056] pci 0000:00:15.7:   bridge window [mem 0xe5e00000-0xe5efffff 64bit pref]
[    0.213321] pci 0000:00:16.0: PCI bridge to [bus 0b]
[    0.213337] pci 0000:00:16.0:   bridge window [io  0x5000-0x5fff]
[    0.213352] pci 0000:00:16.0:   bridge window [mem 0xfd300000-0xfd3fffff]
[    0.213381] pci 0000:00:16.0:   bridge window [mem 0xe7900000-0xe79fffff 64bit pref]
[    0.213636] pci 0000:00:16.1: PCI bridge to [bus 0c]
[    0.213652] pci 0000:00:16.1:   bridge window [io  0x9000-0x9fff]
[    0.213667] pci 0000:00:16.1:   bridge window [mem 0xfcf00000-0xfcffffff]
[    0.213696] pci 0000:00:16.1:   bridge window [mem 0xe7500000-0xe75fffff 64bit pref]
[    0.214007] pci 0000:00:16.2: PCI bridge to [bus 0d]
[    0.214023] pci 0000:00:16.2:   bridge window [io  0xd000-0xdfff]
[    0.214040] pci 0000:00:16.2:   bridge window [mem 0xfcb00000-0xfcbfffff]
[    0.214083] pci 0000:00:16.2:   bridge window [mem 0xe7100000-0xe71fffff 64bit pref]
[    0.214339] pci 0000:00:16.3: PCI bridge to [bus 0e]
[    0.214368] pci 0000:00:16.3:   bridge window [mem 0xfc700000-0xfc7fffff]
[    0.214397] pci 0000:00:16.3:   bridge window [mem 0xe6d00000-0xe6dfffff 64bit pref]
[    0.214660] pci 0000:00:16.4: PCI bridge to [bus 0f]
[    0.214689] pci 0000:00:16.4:   bridge window [mem 0xfc300000-0xfc3fffff]
[    0.214718] pci 0000:00:16.4:   bridge window [mem 0xe6900000-0xe69fffff 64bit pref]
[    0.215051] pci 0000:00:16.5: PCI bridge to [bus 10]
[    0.215080] pci 0000:00:16.5:   bridge window [mem 0xfbf00000-0xfbffffff]
[    0.215109] pci 0000:00:16.5:   bridge window [mem 0xe6500000-0xe65fffff 64bit pref]
[    0.215366] pci 0000:00:16.6: PCI bridge to [bus 11]
[    0.215395] pci 0000:00:16.6:   bridge window [mem 0xfbb00000-0xfbbfffff]
[    0.215424] pci 0000:00:16.6:   bridge window [mem 0xe6100000-0xe61fffff 64bit pref]
[    0.215694] pci 0000:00:16.7: PCI bridge to [bus 12]
[    0.215723] pci 0000:00:16.7:   bridge window [mem 0xfb700000-0xfb7fffff]
[    0.215752] pci 0000:00:16.7:   bridge window [mem 0xe5d00000-0xe5dfffff 64bit pref]
[    0.216076] pci 0000:00:17.0: PCI bridge to [bus 13]
[    0.216091] pci 0000:00:17.0:   bridge window [io  0x6000-0x6fff]
[    0.216106] pci 0000:00:17.0:   bridge window [mem 0xfd200000-0xfd2fffff]
[    0.216135] pci 0000:00:17.0:   bridge window [mem 0xe7800000-0xe78fffff 64bit pref]
[    0.216423] pci 0000:00:17.1: PCI bridge to [bus 14]
[    0.216438] pci 0000:00:17.1:   bridge window [io  0xa000-0xafff]
[    0.216454] pci 0000:00:17.1:   bridge window [mem 0xfce00000-0xfcefffff]
[    0.216482] pci 0000:00:17.1:   bridge window [mem 0xe7400000-0xe74fffff 64bit pref]
[    0.216757] pci 0000:00:17.2: PCI bridge to [bus 15]
[    0.216772] pci 0000:00:17.2:   bridge window [io  0xe000-0xefff]
[    0.216788] pci 0000:00:17.2:   bridge window [mem 0xfca00000-0xfcafffff]
[    0.216817] pci 0000:00:17.2:   bridge window [mem 0xe7000000-0xe70fffff 64bit pref]
[    0.217131] pci 0000:00:17.3: PCI bridge to [bus 16]
[    0.217160] pci 0000:00:17.3:   bridge window [mem 0xfc600000-0xfc6fffff]
[    0.217189] pci 0000:00:17.3:   bridge window [mem 0xe6c00000-0xe6cfffff 64bit pref]
[    0.217466] pci 0000:00:17.4: PCI bridge to [bus 17]
[    0.217495] pci 0000:00:17.4:   bridge window [mem 0xfc200000-0xfc2fffff]
[    0.217524] pci 0000:00:17.4:   bridge window [mem 0xe6800000-0xe68fffff 64bit pref]
[    0.217780] pci 0000:00:17.5: PCI bridge to [bus 18]
[    0.217809] pci 0000:00:17.5:   bridge window [mem 0xfbe00000-0xfbefffff]
[    0.217864] pci 0000:00:17.5:   bridge window [mem 0xe6400000-0xe64fffff 64bit pref]
[    0.218165] pci 0000:00:17.6: PCI bridge to [bus 19]
[    0.218206] pci 0000:00:17.6:   bridge window [mem 0xfba00000-0xfbafffff]
[    0.218236] pci 0000:00:17.6:   bridge window [mem 0xe6000000-0xe60fffff 64bit pref]
[    0.218526] pci 0000:00:17.7: PCI bridge to [bus 1a]
[    0.218555] pci 0000:00:17.7:   bridge window [mem 0xfb600000-0xfb6fffff]
[    0.218584] pci 0000:00:17.7:   bridge window [mem 0xe5c00000-0xe5cfffff 64bit pref]
[    0.218856] pci 0000:00:18.0: PCI bridge to [bus 1b]
[    0.218872] pci 0000:00:18.0:   bridge window [io  0x7000-0x7fff]
[    0.218888] pci 0000:00:18.0:   bridge window [mem 0xfd100000-0xfd1fffff]
[    0.218932] pci 0000:00:18.0:   bridge window [mem 0xe7700000-0xe77fffff 64bit pref]
[    0.219225] pci 0000:00:18.1: PCI bridge to [bus 1c]
[    0.219240] pci 0000:00:18.1:   bridge window [io  0xb000-0xbfff]
[    0.219256] pci 0000:00:18.1:   bridge window [mem 0xfcd00000-0xfcdfffff]
[    0.219285] pci 0000:00:18.1:   bridge window [mem 0xe7300000-0xe73fffff 64bit pref]
[    0.219541] pci 0000:00:18.2: PCI bridge to [bus 1d]
[    0.219570] pci 0000:00:18.2:   bridge window [mem 0xfc900000-0xfc9fffff]
[    0.219599] pci 0000:00:18.2:   bridge window [mem 0xe6f00000-0xe6ffffff 64bit pref]
[    0.219920] pci 0000:00:18.3: PCI bridge to [bus 1e]
[    0.219951] pci 0000:00:18.3:   bridge window [mem 0xfc500000-0xfc5fffff]
[    0.219982] pci 0000:00:18.3:   bridge window [mem 0xe6b00000-0xe6bfffff 64bit pref]
[    0.220293] pci 0000:00:18.4: PCI bridge to [bus 1f]
[    0.220322] pci 0000:00:18.4:   bridge window [mem 0xfc100000-0xfc1fffff]
[    0.220351] pci 0000:00:18.4:   bridge window [mem 0xe6700000-0xe67fffff 64bit pref]
[    0.220618] pci 0000:00:18.5: PCI bridge to [bus 20]
[    0.220647] pci 0000:00:18.5:   bridge window [mem 0xfbd00000-0xfbdfffff]
[    0.220676] pci 0000:00:18.5:   bridge window [mem 0xe6300000-0xe63fffff 64bit pref]
[    0.220983] pci 0000:00:18.6: PCI bridge to [bus 21]
[    0.221012] pci 0000:00:18.6:   bridge window [mem 0xfb900000-0xfb9fffff]
[    0.221041] pci 0000:00:18.6:   bridge window [mem 0xe5f00000-0xe5ffffff 64bit pref]
[    0.221295] pci 0000:00:18.7: PCI bridge to [bus 22]
[    0.221324] pci 0000:00:18.7:   bridge window [mem 0xfb500000-0xfb5fffff]
[    0.221352] pci 0000:00:18.7:   bridge window [mem 0xe5b00000-0xe5bfffff 64bit pref]
[    0.223034] pci_bus 0000:00: on NUMA node 0
[    0.223237] ACPI: PCI Interrupt Link [LNKA] (IRQs 3 4 5 6 7 *9 10 11 14 15)
[    0.223302] ACPI: PCI Interrupt Link [LNKB] (IRQs 3 4 5 6 7 9 10 *11 14 15)
[    0.223363] ACPI: PCI Interrupt Link [LNKC] (IRQs 3 4 5 6 7 9 *10 11 14 15)
[    0.223423] ACPI: PCI Interrupt Link [LNKD] (IRQs 3 4 5 6 *7 9 10 11 14 15)
[    0.233922] ACPI: Enabled 2 GPEs in block 00 to 0F
[    0.244446] vgaarb: setting as boot device: PCI:0000:00:0f.0
[    0.244449] vgaarb: device added: PCI:0000:00:0f.0,decodes=io+mem,owns=io+mem,locks=none
[    0.244457] vgaarb: loaded
[    0.244458] vgaarb: bridge control possible 0000:00:0f.0
[    0.244569] ACPI: bus type USB registered
[    0.244598] usbcore: registered new interface driver usbfs
[    0.244616] usbcore: registered new interface driver hub
[    0.244660] usbcore: registered new device driver usb
[    0.245008] PCI: Using ACPI for IRQ routing
[    0.266722] PCI: pci_cache_line_size set to 64 bytes
[    0.267423] e820: reserve RAM buffer [mem 0x0009ec00-0x0009ffff]
[    0.267425] e820: reserve RAM buffer [mem 0x2fee0000-0x2fffffff]
[    0.267751] hpet0: at MMIO 0xfed00000, IRQs 2, 8, 0, 0, 0, 0, 0, 0, 0, 0, 0, 0, 0, 0, 0, 0
[    0.267757] hpet0: 16 comparators, 64-bit 14.318180 MHz counter
[    0.269878] clocksource: Switched to clocksource hpet
[    0.269975] VFS: Disk quotas dquot_6.6.0
[    0.270038] VFS: Dquot-cache hash table entries: 512 (order 0, 4096 bytes)
[    0.270149] pnp: PnP ACPI init
[    0.270393] system 00:00: [io  0x1000-0x103f] has been reserved
[    0.270395] system 00:00: [io  0x1040-0x104f] has been reserved
[    0.270397] system 00:00: [io  0x0cf0-0x0cf1] has been reserved
[    0.270400] system 00:00: Plug and Play ACPI device, IDs PNP0c02 (active)
[    0.270440] pnp 00:01: Plug and Play ACPI device, IDs PNP0b00 (active)
[    0.270470] pnp 00:02: Plug and Play ACPI device, IDs PNP0303 (active)
[    0.270500] pnp 00:03: Plug and Play ACPI device, IDs VMW0003 PNP0f13 (active)
[    0.270678] system 00:04: [mem 0xfed00000-0xfed003ff] has been reserved
[    0.270681] system 00:04: Plug and Play ACPI device, IDs PNP0103 PNP0c01 (active)
[    0.271953] pnp 00:05: Plug and Play ACPI device, IDs PNP0501 (active)
[    0.272306] system 00:06: [io  0xfce0-0xfcff] has been reserved
[    0.272309] system 00:06: [mem 0xf0000000-0xf7ffffff] has been reserved
[    0.272311] system 00:06: [mem 0xfe800000-0xfe9fffff] has been reserved
[    0.272313] system 00:06: Plug and Play ACPI device, IDs PNP0c02 (active)
[    0.277164] pnp: PnP ACPI: found 7 devices
[    0.288918] clocksource: acpi_pm: mask: 0xffffff max_cycles: 0xffffff, max_idle_ns: 2085701024 ns
[    0.289769] pci 0000:00:15.3: bridge window [io  0x1000-0x0fff] to [bus 06] add_size 1000
[    0.289814] pci 0000:00:15.4: bridge window [io  0x1000-0x0fff] to [bus 07] add_size 1000
[    0.289857] pci 0000:00:15.5: bridge window [io  0x1000-0x0fff] to [bus 08] add_size 1000
[    0.289970] pci 0000:00:15.6: bridge window [io  0x1000-0x0fff] to [bus 09] add_size 1000
[    0.290015] pci 0000:00:15.7: bridge window [io  0x1000-0x0fff] to [bus 0a] add_size 1000
[    0.290184] pci 0000:00:16.3: bridge window [io  0x1000-0x0fff] to [bus 0e] add_size 1000
[    0.290227] pci 0000:00:16.4: bridge window [io  0x1000-0x0fff] to [bus 0f] add_size 1000
[    0.290270] pci 0000:00:16.5: bridge window [io  0x1000-0x0fff] to [bus 10] add_size 1000
[    0.290313] pci 0000:00:16.6: bridge window [io  0x1000-0x0fff] to [bus 11] add_size 1000
[    0.290356] pci 0000:00:16.7: bridge window [io  0x1000-0x0fff] to [bus 12] add_size 1000
[    0.290531] pci 0000:00:17.3: bridge window [io  0x1000-0x0fff] to [bus 16] add_size 1000
[    0.290574] pci 0000:00:17.4: bridge window [io  0x1000-0x0fff] to [bus 17] add_size 1000
[    0.290618] pci 0000:00:17.5: bridge window [io  0x1000-0x0fff] to [bus 18] add_size 1000
[    0.290661] pci 0000:00:17.6: bridge window [io  0x1000-0x0fff] to [bus 19] add_size 1000
[    0.290704] pci 0000:00:17.7: bridge window [io  0x1000-0x0fff] to [bus 1a] add_size 1000
[    0.290830] pci 0000:00:18.2: bridge window [io  0x1000-0x0fff] to [bus 1d] add_size 1000
[    0.290873] pci 0000:00:18.3: bridge window [io  0x1000-0x0fff] to [bus 1e] add_size 1000
[    0.290916] pci 0000:00:18.4: bridge window [io  0x1000-0x0fff] to [bus 1f] add_size 1000
[    0.290959] pci 0000:00:18.5: bridge window [io  0x1000-0x0fff] to [bus 20] add_size 1000
[    0.291002] pci 0000:00:18.6: bridge window [io  0x1000-0x0fff] to [bus 21] add_size 1000
[    0.291045] pci 0000:00:18.7: bridge window [io  0x1000-0x0fff] to [bus 22] add_size 1000
[    0.291075] pci 0000:00:15.3: res[13]=[io  0x1000-0x0fff] res_to_dev_res add_size 1000 min_align 1000
[    0.291077] pci 0000:00:15.3: res[13]=[io  0x1000-0x0fff] res_to_dev_res add_size 1000 min_align 1000
[    0.291078] pci 0000:00:15.3: res[13]=[io  0x1000-0x1fff] res_to_dev_res add_size 1000 min_align 1000
[    0.291079] pci 0000:00:15.4: res[13]=[io  0x1000-0x0fff] res_to_dev_res add_size 1000 min_align 1000
[    0.291080] pci 0000:00:15.4: res[13]=[io  0x1000-0x0fff] res_to_dev_res add_size 1000 min_align 1000
[    0.291081] pci 0000:00:15.4: res[13]=[io  0x1000-0x1fff] res_to_dev_res add_size 1000 min_align 1000
[    0.291082] pci 0000:00:15.5: res[13]=[io  0x1000-0x0fff] res_to_dev_res add_size 1000 min_align 1000
[    0.291084] pci 0000:00:15.5: res[13]=[io  0x1000-0x0fff] res_to_dev_res add_size 1000 min_align 1000
[    0.291085] pci 0000:00:15.5: res[13]=[io  0x1000-0x1fff] res_to_dev_res add_size 1000 min_align 1000
[    0.291086] pci 0000:00:15.6: res[13]=[io  0x1000-0x0fff] res_to_dev_res add_size 1000 min_align 1000
[    0.291087] pci 0000:00:15.6: res[13]=[io  0x1000-0x0fff] res_to_dev_res add_size 1000 min_align 1000
[    0.291088] pci 0000:00:15.6: res[13]=[io  0x1000-0x1fff] res_to_dev_res add_size 1000 min_align 1000
[    0.291089] pci 0000:00:15.7: res[13]=[io  0x1000-0x0fff] res_to_dev_res add_size 1000 min_align 1000
[    0.291090] pci 0000:00:15.7: res[13]=[io  0x1000-0x0fff] res_to_dev_res add_size 1000 min_align 1000
[    0.291091] pci 0000:00:15.7: res[13]=[io  0x1000-0x1fff] res_to_dev_res add_size 1000 min_align 1000
[    0.291092] pci 0000:00:16.3: res[13]=[io  0x1000-0x0fff] res_to_dev_res add_size 1000 min_align 1000
[    0.291093] pci 0000:00:16.3: res[13]=[io  0x1000-0x0fff] res_to_dev_res add_size 1000 min_align 1000
[    0.291094] pci 0000:00:16.3: res[13]=[io  0x1000-0x1fff] res_to_dev_res add_size 1000 min_align 1000
[    0.291095] pci 0000:00:16.4: res[13]=[io  0x1000-0x0fff] res_to_dev_res add_size 1000 min_align 1000
[    0.291097] pci 0000:00:16.4: res[13]=[io  0x1000-0x0fff] res_to_dev_res add_size 1000 min_align 1000
[    0.291098] pci 0000:00:16.4: res[13]=[io  0x1000-0x1fff] res_to_dev_res add_size 1000 min_align 1000
[    0.291099] pci 0000:00:16.5: res[13]=[io  0x1000-0x0fff] res_to_dev_res add_size 1000 min_align 1000
[    0.291100] pci 0000:00:16.5: res[13]=[io  0x1000-0x0fff] res_to_dev_res add_size 1000 min_align 1000
[    0.291101] pci 0000:00:16.5: res[13]=[io  0x1000-0x1fff] res_to_dev_res add_size 1000 min_align 1000
[    0.291102] pci 0000:00:16.6: res[13]=[io  0x1000-0x0fff] res_to_dev_res add_size 1000 min_align 1000
[    0.291103] pci 0000:00:16.6: res[13]=[io  0x1000-0x0fff] res_to_dev_res add_size 1000 min_align 1000
[    0.291104] pci 0000:00:16.6: res[13]=[io  0x1000-0x1fff] res_to_dev_res add_size 1000 min_align 1000
[    0.291105] pci 0000:00:16.7: res[13]=[io  0x1000-0x0fff] res_to_dev_res add_size 1000 min_align 1000
[    0.291106] pci 0000:00:16.7: res[13]=[io  0x1000-0x0fff] res_to_dev_res add_size 1000 min_align 1000
[    0.291107] pci 0000:00:16.7: res[13]=[io  0x1000-0x1fff] res_to_dev_res add_size 1000 min_align 1000
[    0.291108] pci 0000:00:17.3: res[13]=[io  0x1000-0x0fff] res_to_dev_res add_size 1000 min_align 1000
[    0.291109] pci 0000:00:17.3: res[13]=[io  0x1000-0x0fff] res_to_dev_res add_size 1000 min_align 1000
[    0.291110] pci 0000:00:17.3: res[13]=[io  0x1000-0x1fff] res_to_dev_res add_size 1000 min_align 1000
[    0.291112] pci 0000:00:17.4: res[13]=[io  0x1000-0x0fff] res_to_dev_res add_size 1000 min_align 1000
[    0.291113] pci 0000:00:17.4: res[13]=[io  0x1000-0x0fff] res_to_dev_res add_size 1000 min_align 1000
[    0.291114] pci 0000:00:17.4: res[13]=[io  0x1000-0x1fff] res_to_dev_res add_size 1000 min_align 1000
[    0.291115] pci 0000:00:17.5: res[13]=[io  0x1000-0x0fff] res_to_dev_res add_size 1000 min_align 1000
[    0.291116] pci 0000:00:17.5: res[13]=[io  0x1000-0x0fff] res_to_dev_res add_size 1000 min_align 1000
[    0.291117] pci 0000:00:17.5: res[13]=[io  0x1000-0x1fff] res_to_dev_res add_size 1000 min_align 1000
[    0.291118] pci 0000:00:17.6: res[13]=[io  0x1000-0x0fff] res_to_dev_res add_size 1000 min_align 1000
[    0.291119] pci 0000:00:17.6: res[13]=[io  0x1000-0x0fff] res_to_dev_res add_size 1000 min_align 1000
[    0.291120] pci 0000:00:17.6: res[13]=[io  0x1000-0x1fff] res_to_dev_res add_size 1000 min_align 1000
[    0.291121] pci 0000:00:17.7: res[13]=[io  0x1000-0x0fff] res_to_dev_res add_size 1000 min_align 1000
[    0.291122] pci 0000:00:17.7: res[13]=[io  0x1000-0x0fff] res_to_dev_res add_size 1000 min_align 1000
[    0.291123] pci 0000:00:17.7: res[13]=[io  0x1000-0x1fff] res_to_dev_res add_size 1000 min_align 1000
[    0.291124] pci 0000:00:18.2: res[13]=[io  0x1000-0x0fff] res_to_dev_res add_size 1000 min_align 1000
[    0.291125] pci 0000:00:18.2: res[13]=[io  0x1000-0x0fff] res_to_dev_res add_size 1000 min_align 1000
[    0.291127] pci 0000:00:18.2: res[13]=[io  0x1000-0x1fff] res_to_dev_res add_size 1000 min_align 1000
[    0.291128] pci 0000:00:18.3: res[13]=[io  0x1000-0x0fff] res_to_dev_res add_size 1000 min_align 1000
[    0.291129] pci 0000:00:18.3: res[13]=[io  0x1000-0x0fff] res_to_dev_res add_size 1000 min_align 1000
[    0.291130] pci 0000:00:18.3: res[13]=[io  0x1000-0x1fff] res_to_dev_res add_size 1000 min_align 1000
[    0.291131] pci 0000:00:18.4: res[13]=[io  0x1000-0x0fff] res_to_dev_res add_size 1000 min_align 1000
[    0.291132] pci 0000:00:18.4: res[13]=[io  0x1000-0x0fff] res_to_dev_res add_size 1000 min_align 1000
[    0.291133] pci 0000:00:18.4: res[13]=[io  0x1000-0x1fff] res_to_dev_res add_size 1000 min_align 1000
[    0.291134] pci 0000:00:18.5: res[13]=[io  0x1000-0x0fff] res_to_dev_res add_size 1000 min_align 1000
[    0.291135] pci 0000:00:18.5: res[13]=[io  0x1000-0x0fff] res_to_dev_res add_size 1000 min_align 1000
[    0.291136] pci 0000:00:18.5: res[13]=[io  0x1000-0x1fff] res_to_dev_res add_size 1000 min_align 1000
[    0.291137] pci 0000:00:18.6: res[13]=[io  0x1000-0x0fff] res_to_dev_res add_size 1000 min_align 1000
[    0.291138] pci 0000:00:18.6: res[13]=[io  0x1000-0x0fff] res_to_dev_res add_size 1000 min_align 1000
[    0.291139] pci 0000:00:18.6: res[13]=[io  0x1000-0x1fff] res_to_dev_res add_size 1000 min_align 1000
[    0.291140] pci 0000:00:18.7: res[13]=[io  0x1000-0x0fff] res_to_dev_res add_size 1000 min_align 1000
[    0.291142] pci 0000:00:18.7: res[13]=[io  0x1000-0x0fff] res_to_dev_res add_size 1000 min_align 1000
[    0.291143] pci 0000:00:18.7: res[13]=[io  0x1000-0x1fff] res_to_dev_res add_size 1000 min_align 1000
[    0.291148] pci 0000:00:0f.0: BAR 6: assigned [mem 0xc0000000-0xc0007fff pref]
[    0.291150] pci 0000:00:10.0: BAR 6: assigned [mem 0xc0008000-0xc000bfff pref]
[    0.291153] pci 0000:00:15.3: BAR 13: no space for [io  size 0x1000]
[    0.291154] pci 0000:00:15.3: BAR 13: failed to assign [io  size 0x1000]
[    0.291156] pci 0000:00:15.4: BAR 13: no space for [io  size 0x1000]
[    0.291157] pci 0000:00:15.4: BAR 13: failed to assign [io  size 0x1000]
[    0.291159] pci 0000:00:15.5: BAR 13: no space for [io  size 0x1000]
[    0.291160] pci 0000:00:15.5: BAR 13: failed to assign [io  size 0x1000]
[    0.291162] pci 0000:00:15.6: BAR 13: no space for [io  size 0x1000]
[    0.291162] pci 0000:00:15.6: BAR 13: failed to assign [io  size 0x1000]
[    0.291164] pci 0000:00:15.7: BAR 13: no space for [io  size 0x1000]
[    0.291165] pci 0000:00:15.7: BAR 13: failed to assign [io  size 0x1000]
[    0.291167] pci 0000:00:16.3: BAR 13: no space for [io  size 0x1000]
[    0.291168] pci 0000:00:16.3: BAR 13: failed to assign [io  size 0x1000]
[    0.291169] pci 0000:00:16.4: BAR 13: no space for [io  size 0x1000]
[    0.291170] pci 0000:00:16.4: BAR 13: failed to assign [io  size 0x1000]
[    0.291172] pci 0000:00:16.5: BAR 13: no space for [io  size 0x1000]
[    0.291172] pci 0000:00:16.5: BAR 13: failed to assign [io  size 0x1000]
[    0.291174] pci 0000:00:16.6: BAR 13: no space for [io  size 0x1000]
[    0.291175] pci 0000:00:16.6: BAR 13: failed to assign [io  size 0x1000]
[    0.291176] pci 0000:00:16.7: BAR 13: no space for [io  size 0x1000]
[    0.291177] pci 0000:00:16.7: BAR 13: failed to assign [io  size 0x1000]
[    0.291179] pci 0000:00:17.3: BAR 13: no space for [io  size 0x1000]
[    0.291180] pci 0000:00:17.3: BAR 13: failed to assign [io  size 0x1000]
[    0.291199] pci 0000:00:17.4: BAR 13: no space for [io  size 0x1000]
[    0.291200] pci 0000:00:17.4: BAR 13: failed to assign [io  size 0x1000]
[    0.291202] pci 0000:00:17.5: BAR 13: no space for [io  size 0x1000]
[    0.291203] pci 0000:00:17.5: BAR 13: failed to assign [io  size 0x1000]
[    0.291204] pci 0000:00:17.6: BAR 13: no space for [io  size 0x1000]
[    0.291205] pci 0000:00:17.6: BAR 13: failed to assign [io  size 0x1000]
[    0.291207] pci 0000:00:17.7: BAR 13: no space for [io  size 0x1000]
[    0.291208] pci 0000:00:17.7: BAR 13: failed to assign [io  size 0x1000]
[    0.291209] pci 0000:00:18.2: BAR 13: no space for [io  size 0x1000]
[    0.291210] pci 0000:00:18.2: BAR 13: failed to assign [io  size 0x1000]
[    0.291211] pci 0000:00:18.3: BAR 13: no space for [io  size 0x1000]
[    0.291212] pci 0000:00:18.3: BAR 13: failed to assign [io  size 0x1000]
[    0.291214] pci 0000:00:18.4: BAR 13: no space for [io  size 0x1000]
[    0.291215] pci 0000:00:18.4: BAR 13: failed to assign [io  size 0x1000]
[    0.291216] pci 0000:00:18.5: BAR 13: no space for [io  size 0x1000]
[    0.291217] pci 0000:00:18.5: BAR 13: failed to assign [io  size 0x1000]
[    0.291219] pci 0000:00:18.6: BAR 13: no space for [io  size 0x1000]
[    0.291220] pci 0000:00:18.6: BAR 13: failed to assign [io  size 0x1000]
[    0.291221] pci 0000:00:18.7: BAR 13: no space for [io  size 0x1000]
[    0.291222] pci 0000:00:18.7: BAR 13: failed to assign [io  size 0x1000]
[    0.291226] pci 0000:00:18.7: BAR 13: no space for [io  size 0x1000]
[    0.291227] pci 0000:00:18.7: BAR 13: failed to assign [io  size 0x1000]
[    0.291229] pci 0000:00:18.6: BAR 13: no space for [io  size 0x1000]
[    0.291230] pci 0000:00:18.6: BAR 13: failed to assign [io  size 0x1000]
[    0.291232] pci 0000:00:18.5: BAR 13: no space for [io  size 0x1000]
[    0.291233] pci 0000:00:18.5: BAR 13: failed to assign [io  size 0x1000]
[    0.291234] pci 0000:00:18.4: BAR 13: no space for [io  size 0x1000]
[    0.291235] pci 0000:00:18.4: BAR 13: failed to assign [io  size 0x1000]
[    0.291237] pci 0000:00:18.3: BAR 13: no space for [io  size 0x1000]
[    0.291238] pci 0000:00:18.3: BAR 13: failed to assign [io  size 0x1000]
[    0.291239] pci 0000:00:18.2: BAR 13: no space for [io  size 0x1000]
[    0.291240] pci 0000:00:18.2: BAR 13: failed to assign [io  size 0x1000]
[    0.291242] pci 0000:00:17.7: BAR 13: no space for [io  size 0x1000]
[    0.291243] pci 0000:00:17.7: BAR 13: failed to assign [io  size 0x1000]
[    0.291244] pci 0000:00:17.6: BAR 13: no space for [io  size 0x1000]
[    0.291245] pci 0000:00:17.6: BAR 13: failed to assign [io  size 0x1000]
[    0.291247] pci 0000:00:17.5: BAR 13: no space for [io  size 0x1000]
[    0.291248] pci 0000:00:17.5: BAR 13: failed to assign [io  size 0x1000]
[    0.291249] pci 0000:00:17.4: BAR 13: no space for [io  size 0x1000]
[    0.291250] pci 0000:00:17.4: BAR 13: failed to assign [io  size 0x1000]
[    0.291252] pci 0000:00:17.3: BAR 13: no space for [io  size 0x1000]
[    0.291253] pci 0000:00:17.3: BAR 13: failed to assign [io  size 0x1000]
[    0.291254] pci 0000:00:16.7: BAR 13: no space for [io  size 0x1000]
[    0.291255] pci 0000:00:16.7: BAR 13: failed to assign [io  size 0x1000]
[    0.291256] pci 0000:00:16.6: BAR 13: no space for [io  size 0x1000]
[    0.291257] pci 0000:00:16.6: BAR 13: failed to assign [io  size 0x1000]
[    0.291259] pci 0000:00:16.5: BAR 13: no space for [io  size 0x1000]
[    0.291260] pci 0000:00:16.5: BAR 13: failed to assign [io  size 0x1000]
[    0.291261] pci 0000:00:16.4: BAR 13: no space for [io  size 0x1000]
[    0.291262] pci 0000:00:16.4: BAR 13: failed to assign [io  size 0x1000]
[    0.291264] pci 0000:00:16.3: BAR 13: no space for [io  size 0x1000]
[    0.291265] pci 0000:00:16.3: BAR 13: failed to assign [io  size 0x1000]
[    0.291266] pci 0000:00:15.7: BAR 13: no space for [io  size 0x1000]
[    0.291267] pci 0000:00:15.7: BAR 13: failed to assign [io  size 0x1000]
[    0.291269] pci 0000:00:15.6: BAR 13: no space for [io  size 0x1000]
[    0.291270] pci 0000:00:15.6: BAR 13: failed to assign [io  size 0x1000]
[    0.291271] pci 0000:00:15.5: BAR 13: no space for [io  size 0x1000]
[    0.291272] pci 0000:00:15.5: BAR 13: failed to assign [io  size 0x1000]
[    0.291274] pci 0000:00:15.4: BAR 13: no space for [io  size 0x1000]
[    0.291275] pci 0000:00:15.4: BAR 13: failed to assign [io  size 0x1000]
[    0.291276] pci 0000:00:15.3: BAR 13: no space for [io  size 0x1000]
[    0.291277] pci 0000:00:15.3: BAR 13: failed to assign [io  size 0x1000]
[    0.291280] pci 0000:00:01.0: PCI bridge to [bus 01]
[    0.291350] pci 0000:02:01.0: BAR 6: assigned [mem 0xfd500000-0xfd50ffff pref]
[    0.291351] pci 0000:00:11.0: PCI bridge to [bus 02]
[    0.291360] pci 0000:00:11.0:   bridge window [io  0x2000-0x3fff]
[    0.291383] pci 0000:00:11.0:   bridge window [mem 0xfd500000-0xfdffffff]
[    0.291398] pci 0000:00:11.0:   bridge window [mem 0xe7b00000-0xe7ffffff 64bit pref]
[    0.291427] pci 0000:00:15.0: PCI bridge to [bus 03]
[    0.291436] pci 0000:00:15.0:   bridge window [io  0x4000-0x4fff]
[    0.291458] pci 0000:00:15.0:   bridge window [mem 0xfd400000-0xfd4fffff]
[    0.291473] pci 0000:00:15.0:   bridge window [mem 0xe7a00000-0xe7afffff 64bit pref]
[    0.291532] pci 0000:00:15.1: PCI bridge to [bus 04]
[    0.291559] pci 0000:00:15.1:   bridge window [io  0x8000-0x8fff]
[    0.291596] pci 0000:00:15.1:   bridge window [mem 0xfd000000-0xfd0fffff]
[    0.291612] pci 0000:00:15.1:   bridge window [mem 0xe7600000-0xe76fffff 64bit pref]
[    0.291652] pci 0000:00:15.2: PCI bridge to [bus 05]
[    0.291661] pci 0000:00:15.2:   bridge window [io  0xc000-0xcfff]
[    0.291685] pci 0000:00:15.2:   bridge window [mem 0xfcc00000-0xfccfffff]
[    0.291701] pci 0000:00:15.2:   bridge window [mem 0xe7200000-0xe72fffff 64bit pref]
[    0.291739] pci 0000:00:15.3: PCI bridge to [bus 06]
[    0.291775] pci 0000:00:15.3:   bridge window [mem 0xfc800000-0xfc8fffff]
[    0.291790] pci 0000:00:15.3:   bridge window [mem 0xe6e00000-0xe6efffff 64bit pref]
[    0.291826] pci 0000:00:15.4: PCI bridge to [bus 07]
[    0.291849] pci 0000:00:15.4:   bridge window [mem 0xfc400000-0xfc4fffff]
[    0.291864] pci 0000:00:15.4:   bridge window [mem 0xe6a00000-0xe6afffff 64bit pref]
[    0.291899] pci 0000:00:15.5: PCI bridge to [bus 08]
[    0.291922] pci 0000:00:15.5:   bridge window [mem 0xfc000000-0xfc0fffff]
[    0.291937] pci 0000:00:15.5:   bridge window [mem 0xe6600000-0xe66fffff 64bit pref]
[    0.291972] pci 0000:00:15.6: PCI bridge to [bus 09]
[    0.291994] pci 0000:00:15.6:   bridge window [mem 0xfbc00000-0xfbcfffff]
[    0.292010] pci 0000:00:15.6:   bridge window [mem 0xe6200000-0xe62fffff 64bit pref]
[    0.292045] pci 0000:00:15.7: PCI bridge to [bus 0a]
[    0.292067] pci 0000:00:15.7:   bridge window [mem 0xfb800000-0xfb8fffff]
[    0.292082] pci 0000:00:15.7:   bridge window [mem 0xe5e00000-0xe5efffff 64bit pref]
[    0.292120] pci 0000:00:16.0: PCI bridge to [bus 0b]
[    0.292129] pci 0000:00:16.0:   bridge window [io  0x5000-0x5fff]
[    0.292151] pci 0000:00:16.0:   bridge window [mem 0xfd300000-0xfd3fffff]
[    0.292167] pci 0000:00:16.0:   bridge window [mem 0xe7900000-0xe79fffff 64bit pref]
[    0.292204] pci 0000:00:16.1: PCI bridge to [bus 0c]
[    0.292212] pci 0000:00:16.1:   bridge window [io  0x9000-0x9fff]
[    0.292234] pci 0000:00:16.1:   bridge window [mem 0xfcf00000-0xfcffffff]
[    0.292250] pci 0000:00:16.1:   bridge window [mem 0xe7500000-0xe75fffff 64bit pref]
[    0.292285] pci 0000:00:16.2: PCI bridge to [bus 0d]
[    0.292294] pci 0000:00:16.2:   bridge window [io  0xd000-0xdfff]
[    0.292316] pci 0000:00:16.2:   bridge window [mem 0xfcb00000-0xfcbfffff]
[    0.292331] pci 0000:00:16.2:   bridge window [mem 0xe7100000-0xe71fffff 64bit pref]
[    0.292366] pci 0000:00:16.3: PCI bridge to [bus 0e]
[    0.292389] pci 0000:00:16.3:   bridge window [mem 0xfc700000-0xfc7fffff]
[    0.292404] pci 0000:00:16.3:   bridge window [mem 0xe6d00000-0xe6dfffff 64bit pref]
[    0.292439] pci 0000:00:16.4: PCI bridge to [bus 0f]
[    0.292462] pci 0000:00:16.4:   bridge window [mem 0xfc300000-0xfc3fffff]
[    0.292477] pci 0000:00:16.4:   bridge window [mem 0xe6900000-0xe69fffff 64bit pref]
[    0.292512] pci 0000:00:16.5: PCI bridge to [bus 10]
[    0.292542] pci 0000:00:16.5:   bridge window [mem 0xfbf00000-0xfbffffff]
[    0.292557] pci 0000:00:16.5:   bridge window [mem 0xe6500000-0xe65fffff 64bit pref]
[    0.292592] pci 0000:00:16.6: PCI bridge to [bus 11]
[    0.292615] pci 0000:00:16.6:   bridge window [mem 0xfbb00000-0xfbbfffff]
[    0.292630] pci 0000:00:16.6:   bridge window [mem 0xe6100000-0xe61fffff 64bit pref]
[    0.292665] pci 0000:00:16.7: PCI bridge to [bus 12]
[    0.292688] pci 0000:00:16.7:   bridge window [mem 0xfb700000-0xfb7fffff]
[    0.292703] pci 0000:00:16.7:   bridge window [mem 0xe5d00000-0xe5dfffff 64bit pref]
[    0.292738] pci 0000:00:17.0: PCI bridge to [bus 13]
[    0.292747] pci 0000:00:17.0:   bridge window [io  0x6000-0x6fff]
[    0.292769] pci 0000:00:17.0:   bridge window [mem 0xfd200000-0xfd2fffff]
[    0.292784] pci 0000:00:17.0:   bridge window [mem 0xe7800000-0xe78fffff 64bit pref]
[    0.292819] pci 0000:00:17.1: PCI bridge to [bus 14]
[    0.292828] pci 0000:00:17.1:   bridge window [io  0xa000-0xafff]
[    0.292850] pci 0000:00:17.1:   bridge window [mem 0xfce00000-0xfcefffff]
[    0.292865] pci 0000:00:17.1:   bridge window [mem 0xe7400000-0xe74fffff 64bit pref]
[    0.292900] pci 0000:00:17.2: PCI bridge to [bus 15]
[    0.292908] pci 0000:00:17.2:   bridge window [io  0xe000-0xefff]
[    0.292931] pci 0000:00:17.2:   bridge window [mem 0xfca00000-0xfcafffff]
[    0.292946] pci 0000:00:17.2:   bridge window [mem 0xe7000000-0xe70fffff 64bit pref]
[    0.292981] pci 0000:00:17.3: PCI bridge to [bus 16]
[    0.293003] pci 0000:00:17.3:   bridge window [mem 0xfc600000-0xfc6fffff]
[    0.293018] pci 0000:00:17.3:   bridge window [mem 0xe6c00000-0xe6cfffff 64bit pref]
[    0.293053] pci 0000:00:17.4: PCI bridge to [bus 17]
[    0.293076] pci 0000:00:17.4:   bridge window [mem 0xfc200000-0xfc2fffff]
[    0.293091] pci 0000:00:17.4:   bridge window [mem 0xe6800000-0xe68fffff 64bit pref]
[    0.293126] pci 0000:00:17.5: PCI bridge to [bus 18]
[    0.293148] pci 0000:00:17.5:   bridge window [mem 0xfbe00000-0xfbefffff]
[    0.293163] pci 0000:00:17.5:   bridge window [mem 0xe6400000-0xe64fffff 64bit pref]
[    0.293198] pci 0000:00:17.6: PCI bridge to [bus 19]
[    0.293234] pci 0000:00:17.6:   bridge window [mem 0xfba00000-0xfbafffff]
[    0.293249] pci 0000:00:17.6:   bridge window [mem 0xe6000000-0xe60fffff 64bit pref]
[    0.293286] pci 0000:00:17.7: PCI bridge to [bus 1a]
[    0.293309] pci 0000:00:17.7:   bridge window [mem 0xfb600000-0xfb6fffff]
[    0.293324] pci 0000:00:17.7:   bridge window [mem 0xe5c00000-0xe5cfffff 64bit pref]
[    0.293359] pci 0000:00:18.0: PCI bridge to [bus 1b]
[    0.293368] pci 0000:00:18.0:   bridge window [io  0x7000-0x7fff]
[    0.293390] pci 0000:00:18.0:   bridge window [mem 0xfd100000-0xfd1fffff]
[    0.293405] pci 0000:00:18.0:   bridge window [mem 0xe7700000-0xe77fffff 64bit pref]
[    0.293440] pci 0000:00:18.1: PCI bridge to [bus 1c]
[    0.293449] pci 0000:00:18.1:   bridge window [io  0xb000-0xbfff]
[    0.293471] pci 0000:00:18.1:   bridge window [mem 0xfcd00000-0xfcdfffff]
[    0.293486] pci 0000:00:18.1:   bridge window [mem 0xe7300000-0xe73fffff 64bit pref]
[    0.293521] pci 0000:00:18.2: PCI bridge to [bus 1d]
[    0.293564] pci 0000:00:18.2:   bridge window [mem 0xfc900000-0xfc9fffff]
[    0.293595] pci 0000:00:18.2:   bridge window [mem 0xe6f00000-0xe6ffffff 64bit pref]
[    0.293630] pci 0000:00:18.3: PCI bridge to [bus 1e]
[    0.293653] pci 0000:00:18.3:   bridge window [mem 0xfc500000-0xfc5fffff]
[    0.293668] pci 0000:00:18.3:   bridge window [mem 0xe6b00000-0xe6bfffff 64bit pref]
[    0.293703] pci 0000:00:18.4: PCI bridge to [bus 1f]
[    0.293726] pci 0000:00:18.4:   bridge window [mem 0xfc100000-0xfc1fffff]
[    0.293741] pci 0000:00:18.4:   bridge window [mem 0xe6700000-0xe67fffff 64bit pref]
[    0.293776] pci 0000:00:18.5: PCI bridge to [bus 20]
[    0.293799] pci 0000:00:18.5:   bridge window [mem 0xfbd00000-0xfbdfffff]
[    0.293814] pci 0000:00:18.5:   bridge window [mem 0xe6300000-0xe63fffff 64bit pref]
[    0.293849] pci 0000:00:18.6: PCI bridge to [bus 21]
[    0.293871] pci 0000:00:18.6:   bridge window [mem 0xfb900000-0xfb9fffff]
[    0.293887] pci 0000:00:18.6:   bridge window [mem 0xe5f00000-0xe5ffffff 64bit pref]
[    0.293922] pci 0000:00:18.7: PCI bridge to [bus 22]
[    0.293944] pci 0000:00:18.7:   bridge window [mem 0xfb500000-0xfb5fffff]
[    0.293959] pci 0000:00:18.7:   bridge window [mem 0xe5b00000-0xe5bfffff 64bit pref]
[    0.293995] pci_bus 0000:00: resource 4 [mem 0x000a0000-0x000bffff window]
[    0.293996] pci_bus 0000:00: resource 5 [mem 0x000cc000-0x000cffff window]
[    0.293997] pci_bus 0000:00: resource 6 [mem 0x000d0000-0x000d3fff window]
[    0.293998] pci_bus 0000:00: resource 7 [mem 0x000d4000-0x000d7fff window]
[    0.293999] pci_bus 0000:00: resource 8 [mem 0x000d8000-0x000dbfff window]
[    0.294000] pci_bus 0000:00: resource 9 [mem 0xc0000000-0xfebfffff window]
[    0.294002] pci_bus 0000:00: resource 10 [io  0x0000-0x0cf7 window]
[    0.294003] pci_bus 0000:00: resource 11 [io  0x0d00-0xfeff window]
[    0.294004] pci_bus 0000:02: resource 0 [io  0x2000-0x3fff]
[    0.294005] pci_bus 0000:02: resource 1 [mem 0xfd500000-0xfdffffff]
[    0.294006] pci_bus 0000:02: resource 2 [mem 0xe7b00000-0xe7ffffff 64bit pref]
[    0.294007] pci_bus 0000:02: resource 4 [mem 0x000a0000-0x000bffff window]
[    0.294008] pci_bus 0000:02: resource 5 [mem 0x000cc000-0x000cffff window]
[    0.294009] pci_bus 0000:02: resource 6 [mem 0x000d0000-0x000d3fff window]
[    0.294010] pci_bus 0000:02: resource 7 [mem 0x000d4000-0x000d7fff window]
[    0.294011] pci_bus 0000:02: resource 8 [mem 0x000d8000-0x000dbfff window]
[    0.294012] pci_bus 0000:02: resource 9 [mem 0xc0000000-0xfebfffff window]
[    0.294013] pci_bus 0000:02: resource 10 [io  0x0000-0x0cf7 window]
[    0.294014] pci_bus 0000:02: resource 11 [io  0x0d00-0xfeff window]
[    0.294015] pci_bus 0000:03: resource 0 [io  0x4000-0x4fff]
[    0.294016] pci_bus 0000:03: resource 1 [mem 0xfd400000-0xfd4fffff]
[    0.294017] pci_bus 0000:03: resource 2 [mem 0xe7a00000-0xe7afffff 64bit pref]
[    0.294018] pci_bus 0000:04: resource 0 [io  0x8000-0x8fff]
[    0.294019] pci_bus 0000:04: resource 1 [mem 0xfd000000-0xfd0fffff]
[    0.294020] pci_bus 0000:04: resource 2 [mem 0xe7600000-0xe76fffff 64bit pref]
[    0.294022] pci_bus 0000:05: resource 0 [io  0xc000-0xcfff]
[    0.294022] pci_bus 0000:05: resource 1 [mem 0xfcc00000-0xfccfffff]
[    0.294023] pci_bus 0000:05: resource 2 [mem 0xe7200000-0xe72fffff 64bit pref]
[    0.294025] pci_bus 0000:06: resource 1 [mem 0xfc800000-0xfc8fffff]
[    0.294025] pci_bus 0000:06: resource 2 [mem 0xe6e00000-0xe6efffff 64bit pref]
[    0.294027] pci_bus 0000:07: resource 1 [mem 0xfc400000-0xfc4fffff]
[    0.294028] pci_bus 0000:07: resource 2 [mem 0xe6a00000-0xe6afffff 64bit pref]
[    0.294029] pci_bus 0000:08: resource 1 [mem 0xfc000000-0xfc0fffff]
[    0.294030] pci_bus 0000:08: resource 2 [mem 0xe6600000-0xe66fffff 64bit pref]
[    0.294031] pci_bus 0000:09: resource 1 [mem 0xfbc00000-0xfbcfffff]
[    0.294032] pci_bus 0000:09: resource 2 [mem 0xe6200000-0xe62fffff 64bit pref]
[    0.294033] pci_bus 0000:0a: resource 1 [mem 0xfb800000-0xfb8fffff]
[    0.294034] pci_bus 0000:0a: resource 2 [mem 0xe5e00000-0xe5efffff 64bit pref]
[    0.294035] pci_bus 0000:0b: resource 0 [io  0x5000-0x5fff]
[    0.294036] pci_bus 0000:0b: resource 1 [mem 0xfd300000-0xfd3fffff]
[    0.294037] pci_bus 0000:0b: resource 2 [mem 0xe7900000-0xe79fffff 64bit pref]
[    0.294038] pci_bus 0000:0c: resource 0 [io  0x9000-0x9fff]
[    0.294039] pci_bus 0000:0c: resource 1 [mem 0xfcf00000-0xfcffffff]
[    0.294040] pci_bus 0000:0c: resource 2 [mem 0xe7500000-0xe75fffff 64bit pref]
[    0.294041] pci_bus 0000:0d: resource 0 [io  0xd000-0xdfff]
[    0.294042] pci_bus 0000:0d: resource 1 [mem 0xfcb00000-0xfcbfffff]
[    0.294043] pci_bus 0000:0d: resource 2 [mem 0xe7100000-0xe71fffff 64bit pref]
[    0.294044] pci_bus 0000:0e: resource 1 [mem 0xfc700000-0xfc7fffff]
[    0.294045] pci_bus 0000:0e: resource 2 [mem 0xe6d00000-0xe6dfffff 64bit pref]
[    0.294046] pci_bus 0000:0f: resource 1 [mem 0xfc300000-0xfc3fffff]
[    0.294047] pci_bus 0000:0f: resource 2 [mem 0xe6900000-0xe69fffff 64bit pref]
[    0.294048] pci_bus 0000:10: resource 1 [mem 0xfbf00000-0xfbffffff]
[    0.294049] pci_bus 0000:10: resource 2 [mem 0xe6500000-0xe65fffff 64bit pref]
[    0.294050] pci_bus 0000:11: resource 1 [mem 0xfbb00000-0xfbbfffff]
[    0.294051] pci_bus 0000:11: resource 2 [mem 0xe6100000-0xe61fffff 64bit pref]
[    0.294052] pci_bus 0000:12: resource 1 [mem 0xfb700000-0xfb7fffff]
[    0.294053] pci_bus 0000:12: resource 2 [mem 0xe5d00000-0xe5dfffff 64bit pref]
[    0.294054] pci_bus 0000:13: resource 0 [io  0x6000-0x6fff]
[    0.294055] pci_bus 0000:13: resource 1 [mem 0xfd200000-0xfd2fffff]
[    0.294056] pci_bus 0000:13: resource 2 [mem 0xe7800000-0xe78fffff 64bit pref]
[    0.294057] pci_bus 0000:14: resource 0 [io  0xa000-0xafff]
[    0.294058] pci_bus 0000:14: resource 1 [mem 0xfce00000-0xfcefffff]
[    0.294059] pci_bus 0000:14: resource 2 [mem 0xe7400000-0xe74fffff 64bit pref]
[    0.294060] pci_bus 0000:15: resource 0 [io  0xe000-0xefff]
[    0.294061] pci_bus 0000:15: resource 1 [mem 0xfca00000-0xfcafffff]
[    0.294062] pci_bus 0000:15: resource 2 [mem 0xe7000000-0xe70fffff 64bit pref]
[    0.294063] pci_bus 0000:16: resource 1 [mem 0xfc600000-0xfc6fffff]
[    0.294064] pci_bus 0000:16: resource 2 [mem 0xe6c00000-0xe6cfffff 64bit pref]
[    0.294065] pci_bus 0000:17: resource 1 [mem 0xfc200000-0xfc2fffff]
[    0.294066] pci_bus 0000:17: resource 2 [mem 0xe6800000-0xe68fffff 64bit pref]
[    0.294067] pci_bus 0000:18: resource 1 [mem 0xfbe00000-0xfbefffff]
[    0.294068] pci_bus 0000:18: resource 2 [mem 0xe6400000-0xe64fffff 64bit pref]
[    0.294069] pci_bus 0000:19: resource 1 [mem 0xfba00000-0xfbafffff]
[    0.294070] pci_bus 0000:19: resource 2 [mem 0xe6000000-0xe60fffff 64bit pref]
[    0.294071] pci_bus 0000:1a: resource 1 [mem 0xfb600000-0xfb6fffff]
[    0.294072] pci_bus 0000:1a: resource 2 [mem 0xe5c00000-0xe5cfffff 64bit pref]
[    0.294073] pci_bus 0000:1b: resource 0 [io  0x7000-0x7fff]
[    0.294074] pci_bus 0000:1b: resource 1 [mem 0xfd100000-0xfd1fffff]
[    0.294075] pci_bus 0000:1b: resource 2 [mem 0xe7700000-0xe77fffff 64bit pref]
[    0.294076] pci_bus 0000:1c: resource 0 [io  0xb000-0xbfff]
[    0.294077] pci_bus 0000:1c: resource 1 [mem 0xfcd00000-0xfcdfffff]
[    0.294078] pci_bus 0000:1c: resource 2 [mem 0xe7300000-0xe73fffff 64bit pref]
[    0.294079] pci_bus 0000:1d: resource 1 [mem 0xfc900000-0xfc9fffff]
[    0.294080] pci_bus 0000:1d: resource 2 [mem 0xe6f00000-0xe6ffffff 64bit pref]
[    0.294081] pci_bus 0000:1e: resource 1 [mem 0xfc500000-0xfc5fffff]
[    0.294082] pci_bus 0000:1e: resource 2 [mem 0xe6b00000-0xe6bfffff 64bit pref]
[    0.294083] pci_bus 0000:1f: resource 1 [mem 0xfc100000-0xfc1fffff]
[    0.294084] pci_bus 0000:1f: resource 2 [mem 0xe6700000-0xe67fffff 64bit pref]
[    0.294085] pci_bus 0000:20: resource 1 [mem 0xfbd00000-0xfbdfffff]
[    0.294086] pci_bus 0000:20: resource 2 [mem 0xe6300000-0xe63fffff 64bit pref]
[    0.294087] pci_bus 0000:21: resource 1 [mem 0xfb900000-0xfb9fffff]
[    0.294088] pci_bus 0000:21: resource 2 [mem 0xe5f00000-0xe5ffffff 64bit pref]
[    0.294089] pci_bus 0000:22: resource 1 [mem 0xfb500000-0xfb5fffff]
[    0.294090] pci_bus 0000:22: resource 2 [mem 0xe5b00000-0xe5bfffff 64bit pref]
[    0.294331] NET: Registered protocol family 2
[    0.294916] TCP established hash table entries: 8192 (order: 4, 65536 bytes)
[    0.294927] TCP bind hash table entries: 8192 (order: 5, 131072 bytes)
[    0.294944] TCP: Hash tables configured (established 8192 bind 8192)
[    0.295201] UDP hash table entries: 512 (order: 2, 16384 bytes)
[    0.295206] UDP-Lite hash table entries: 512 (order: 2, 16384 bytes)
[    0.295824] NET: Registered protocol family 1
[    0.295832] pci 0000:00:00.0: Limiting direct PCI/PCI transfers
[    0.295910] pci 0000:00:0f.0: Video device with shadowed ROM at [mem 0x000c0000-0x000dffff]
[    0.296863] PCI: CLS mismatch (32 != 64), using 64 bytes
[    0.297411] Trying to unpack rootfs image as initramfs...
[    0.601844] Freeing initrd memory: 11148K (ffff88002f3fd000 - ffff88002fee0000)
[    0.601883] clocksource: tsc: mask: 0xffffffffffffffff max_cycles: 0x2879c5f06f2, max_idle_ns: 440795220049 ns
[    0.601911] clocksource: Switched to clocksource tsc
[    0.615601] workingset: timestamp_bits=46 max_order=18 bucket_order=0
[    0.615878] Key type asymmetric registered
[    0.615895] Block layer SCSI generic (bsg) driver version 0.4 loaded (major 249)
[    0.615945] io scheduler noop registered
[    0.615960] io scheduler cfq registered (default)
[    0.632393] pcieport 0000:00:15.0: Signaling PME through PCIe PME interrupt
[    0.632410] pcie_pme 0000:00:15.0:pcie001: service driver pcie_pme loaded
[    0.632492] pcieport 0000:00:15.1: Signaling PME through PCIe PME interrupt
[    0.632508] pcie_pme 0000:00:15.1:pcie001: service driver pcie_pme loaded
[    0.632588] pcieport 0000:00:15.2: Signaling PME through PCIe PME interrupt
[    0.632604] pcie_pme 0000:00:15.2:pcie001: service driver pcie_pme loaded
[    0.632684] pcieport 0000:00:15.3: Signaling PME through PCIe PME interrupt
[    0.632699] pcie_pme 0000:00:15.3:pcie001: service driver pcie_pme loaded
[    0.632779] pcieport 0000:00:15.4: Signaling PME through PCIe PME interrupt
[    0.632795] pcie_pme 0000:00:15.4:pcie001: service driver pcie_pme loaded
[    0.632875] pcieport 0000:00:15.5: Signaling PME through PCIe PME interrupt
[    0.632891] pcie_pme 0000:00:15.5:pcie001: service driver pcie_pme loaded
[    0.632970] pcieport 0000:00:15.6: Signaling PME through PCIe PME interrupt
[    0.632986] pcie_pme 0000:00:15.6:pcie001: service driver pcie_pme loaded
[    0.633100] pcieport 0000:00:15.7: Signaling PME through PCIe PME interrupt
[    0.633116] pcie_pme 0000:00:15.7:pcie001: service driver pcie_pme loaded
[    0.633195] pcieport 0000:00:16.0: Signaling PME through PCIe PME interrupt
[    0.633197] pcie_pme 0000:00:16.0:pcie001: service driver pcie_pme loaded
[    0.633349] pcieport 0000:00:16.1: Signaling PME through PCIe PME interrupt
[    0.633365] pcie_pme 0000:00:16.1:pcie001: service driver pcie_pme loaded
[    0.633446] pcieport 0000:00:16.2: Signaling PME through PCIe PME interrupt
[    0.633462] pcie_pme 0000:00:16.2:pcie001: service driver pcie_pme loaded
[    0.633543] pcieport 0000:00:16.3: Signaling PME through PCIe PME interrupt
[    0.633559] pcie_pme 0000:00:16.3:pcie001: service driver pcie_pme loaded
[    0.633639] pcieport 0000:00:16.4: Signaling PME through PCIe PME interrupt
[    0.633655] pcie_pme 0000:00:16.4:pcie001: service driver pcie_pme loaded
[    0.633734] pcieport 0000:00:16.5: Signaling PME through PCIe PME interrupt
[    0.633750] pcie_pme 0000:00:16.5:pcie001: service driver pcie_pme loaded
[    0.633829] pcieport 0000:00:16.6: Signaling PME through PCIe PME interrupt
[    0.633845] pcie_pme 0000:00:16.6:pcie001: service driver pcie_pme loaded
[    0.633925] pcieport 0000:00:16.7: Signaling PME through PCIe PME interrupt
[    0.633941] pcie_pme 0000:00:16.7:pcie001: service driver pcie_pme loaded
[    0.634020] pcieport 0000:00:17.0: Signaling PME through PCIe PME interrupt
[    0.634036] pcie_pme 0000:00:17.0:pcie001: service driver pcie_pme loaded
[    0.634160] pcieport 0000:00:17.1: Signaling PME through PCIe PME interrupt
[    0.634178] pcie_pme 0000:00:17.1:pcie001: service driver pcie_pme loaded
[    0.634263] pcieport 0000:00:17.2: Signaling PME through PCIe PME interrupt
[    0.634280] pcie_pme 0000:00:17.2:pcie001: service driver pcie_pme loaded
[    0.634365] pcieport 0000:00:17.3: Signaling PME through PCIe PME interrupt
[    0.634382] pcie_pme 0000:00:17.3:pcie001: service driver pcie_pme loaded
[    0.634469] pcieport 0000:00:17.4: Signaling PME through PCIe PME interrupt
[    0.634486] pcie_pme 0000:00:17.4:pcie001: service driver pcie_pme loaded
[    0.634571] pcieport 0000:00:17.5: Signaling PME through PCIe PME interrupt
[    0.634588] pcie_pme 0000:00:17.5:pcie001: service driver pcie_pme loaded
[    0.634691] pcieport 0000:00:17.6: Signaling PME through PCIe PME interrupt
[    0.634713] pcie_pme 0000:00:17.6:pcie001: service driver pcie_pme loaded
[    0.634826] pcieport 0000:00:17.7: Signaling PME through PCIe PME interrupt
[    0.634844] pcie_pme 0000:00:17.7:pcie001: service driver pcie_pme loaded
[    0.634931] pcieport 0000:00:18.0: Signaling PME through PCIe PME interrupt
[    0.634948] pcie_pme 0000:00:18.0:pcie001: service driver pcie_pme loaded
[    0.635034] pcieport 0000:00:18.1: Signaling PME through PCIe PME interrupt
[    0.635056] pcie_pme 0000:00:18.1:pcie001: service driver pcie_pme loaded
[    0.635146] pcieport 0000:00:18.2: Signaling PME through PCIe PME interrupt
[    0.635164] pcie_pme 0000:00:18.2:pcie001: service driver pcie_pme loaded
[    0.635269] pcieport 0000:00:18.3: Signaling PME through PCIe PME interrupt
[    0.635290] pcie_pme 0000:00:18.3:pcie001: service driver pcie_pme loaded
[    0.635400] pcieport 0000:00:18.4: Signaling PME through PCIe PME interrupt
[    0.635419] pcie_pme 0000:00:18.4:pcie001: service driver pcie_pme loaded
[    0.635527] pcieport 0000:00:18.5: Signaling PME through PCIe PME interrupt
[    0.635543] pcie_pme 0000:00:18.5:pcie001: service driver pcie_pme loaded
[    0.635625] pcieport 0000:00:18.6: Signaling PME through PCIe PME interrupt
[    0.635640] pcie_pme 0000:00:18.6:pcie001: service driver pcie_pme loaded
[    0.635727] pcieport 0000:00:18.7: Signaling PME through PCIe PME interrupt
[    0.635747] pcie_pme 0000:00:18.7:pcie001: service driver pcie_pme loaded
[    0.635803] pci_hotplug: PCI Hot Plug PCI Core version: 0.5
[    0.635844] pciehp 0000:00:15.0:pcie004: Slot #160 AttnBtn+ PwrCtrl+ MRL- AttnInd- PwrInd- HotPlug+ Surprise- Interlock- NoCompl+ LLActRep+
[    0.635937] pciehp 0000:00:15.0:pcie004: service driver pciehp loaded
[    0.635965] pciehp 0000:00:15.1:pcie004: Slot #161 AttnBtn+ PwrCtrl+ MRL- AttnInd- PwrInd- HotPlug+ Surprise- Interlock- NoCompl+ LLActRep+
[    0.636033] pciehp 0000:00:15.1:pcie004: service driver pciehp loaded
[    0.636086] pciehp 0000:00:15.2:pcie004: Slot #162 AttnBtn+ PwrCtrl+ MRL- AttnInd- PwrInd- HotPlug+ Surprise- Interlock- NoCompl+ LLActRep+
[    0.636173] pciehp 0000:00:15.2:pcie004: service driver pciehp loaded
[    0.636203] pciehp 0000:00:15.3:pcie004: Slot #163 AttnBtn+ PwrCtrl+ MRL- AttnInd- PwrInd- HotPlug+ Surprise- Interlock- NoCompl+ LLActRep+
[    0.636275] pciehp 0000:00:15.3:pcie004: service driver pciehp loaded
[    0.636305] pciehp 0000:00:15.4:pcie004: Slot #164 AttnBtn+ PwrCtrl+ MRL- AttnInd- PwrInd- HotPlug+ Surprise- Interlock- NoCompl+ LLActRep+
[    0.636387] pciehp 0000:00:15.4:pcie004: service driver pciehp loaded
[    0.636415] pciehp 0000:00:15.5:pcie004: Slot #165 AttnBtn+ PwrCtrl+ MRL- AttnInd- PwrInd- HotPlug+ Surprise- Interlock- NoCompl+ LLActRep+
[    0.636481] pciehp 0000:00:15.5:pcie004: service driver pciehp loaded
[    0.636509] pciehp 0000:00:15.6:pcie004: Slot #166 AttnBtn+ PwrCtrl+ MRL- AttnInd- PwrInd- HotPlug+ Surprise- Interlock- NoCompl+ LLActRep+
[    0.636592] pciehp 0000:00:15.6:pcie004: service driver pciehp loaded
[    0.636643] pciehp 0000:00:15.7:pcie004: Slot #167 AttnBtn+ PwrCtrl+ MRL- AttnInd- PwrInd- HotPlug+ Surprise- Interlock- NoCompl+ LLActRep+
[    0.636710] pciehp 0000:00:15.7:pcie004: service driver pciehp loaded
[    0.636738] pciehp 0000:00:16.0:pcie004: Slot #192 AttnBtn+ PwrCtrl+ MRL- AttnInd- PwrInd- HotPlug+ Surprise- Interlock- NoCompl+ LLActRep+
[    0.636803] pciehp 0000:00:16.0:pcie004: service driver pciehp loaded
[    0.636831] pciehp 0000:00:16.1:pcie004: Slot #193 AttnBtn+ PwrCtrl+ MRL- AttnInd- PwrInd- HotPlug+ Surprise- Interlock- NoCompl+ LLActRep+
[    0.637303] pciehp 0000:00:16.1:pcie004: service driver pciehp loaded
[    0.637362] pciehp 0000:00:16.2:pcie004: Slot #194 AttnBtn+ PwrCtrl+ MRL- AttnInd- PwrInd- HotPlug+ Surprise- Interlock- NoCompl+ LLActRep+
[    0.637508] pciehp 0000:00:16.2:pcie004: service driver pciehp loaded
[    0.637537] pciehp 0000:00:16.3:pcie004: Slot #195 AttnBtn+ PwrCtrl+ MRL- AttnInd- PwrInd- HotPlug+ Surprise- Interlock- NoCompl+ LLActRep+
[    0.637662] pciehp 0000:00:16.3:pcie004: service driver pciehp loaded
[    0.637690] pciehp 0000:00:16.4:pcie004: Slot #196 AttnBtn+ PwrCtrl+ MRL- AttnInd- PwrInd- HotPlug+ Surprise- Interlock- NoCompl+ LLActRep+
[    0.637872] pciehp 0000:00:16.4:pcie004: service driver pciehp loaded
[    0.637900] pciehp 0000:00:16.5:pcie004: Slot #197 AttnBtn+ PwrCtrl+ MRL- AttnInd- PwrInd- HotPlug+ Surprise- Interlock- NoCompl+ LLActRep+
[    0.638028] pciehp 0000:00:16.5:pcie004: service driver pciehp loaded
[    0.638096] pciehp 0000:00:16.6:pcie004: Slot #198 AttnBtn+ PwrCtrl+ MRL- AttnInd- PwrInd- HotPlug+ Surprise- Interlock- NoCompl+ LLActRep+
[    0.638237] pciehp 0000:00:16.6:pcie004: service driver pciehp loaded
[    0.638265] pciehp 0000:00:16.7:pcie004: Slot #199 AttnBtn+ PwrCtrl+ MRL- AttnInd- PwrInd- HotPlug+ Surprise- Interlock- NoCompl+ LLActRep+
[    0.638390] pciehp 0000:00:16.7:pcie004: service driver pciehp loaded
[    0.638418] pciehp 0000:00:17.0:pcie004: Slot #224 AttnBtn+ PwrCtrl+ MRL- AttnInd- PwrInd- HotPlug+ Surprise- Interlock- NoCompl+ LLActRep+
[    0.638560] pciehp 0000:00:17.0:pcie004: service driver pciehp loaded
[    0.638589] pciehp 0000:00:17.1:pcie004: Slot #225 AttnBtn+ PwrCtrl+ MRL- AttnInd- PwrInd- HotPlug+ Surprise- Interlock- NoCompl+ LLActRep+
[    0.638714] pciehp 0000:00:17.1:pcie004: service driver pciehp loaded
[    0.638743] pciehp 0000:00:17.2:pcie004: Slot #226 AttnBtn+ PwrCtrl+ MRL- AttnInd- PwrInd- HotPlug+ Surprise- Interlock- NoCompl+ LLActRep+
[    0.638870] pciehp 0000:00:17.2:pcie004: service driver pciehp loaded
[    0.638898] pciehp 0000:00:17.3:pcie004: Slot #227 AttnBtn+ PwrCtrl+ MRL- AttnInd- PwrInd- HotPlug+ Surprise- Interlock- NoCompl+ LLActRep+
[    0.639022] pciehp 0000:00:17.3:pcie004: service driver pciehp loaded
[    0.639075] pciehp 0000:00:17.4:pcie004: Slot #228 AttnBtn+ PwrCtrl+ MRL- AttnInd- PwrInd- HotPlug+ Surprise- Interlock- NoCompl+ LLActRep+
[    0.639354] pciehp 0000:00:17.4:pcie004: service driver pciehp loaded
[    0.639383] pciehp 0000:00:17.5:pcie004: Slot #229 AttnBtn+ PwrCtrl+ MRL- AttnInd- PwrInd- HotPlug+ Surprise- Interlock- NoCompl+ LLActRep+
[    0.639496] pciehp 0000:00:17.5:pcie004: service driver pciehp loaded
[    0.639525] pciehp 0000:00:17.6:pcie004: Slot #230 AttnBtn+ PwrCtrl+ MRL- AttnInd- PwrInd- HotPlug+ Surprise- Interlock- NoCompl+ LLActRep+
[    0.639604] pciehp 0000:00:17.6:pcie004: service driver pciehp loaded
[    0.639632] pciehp 0000:00:17.7:pcie004: Slot #231 AttnBtn+ PwrCtrl+ MRL- AttnInd- PwrInd- HotPlug+ Surprise- Interlock- NoCompl+ LLActRep+
[    0.639719] pciehp 0000:00:17.7:pcie004: service driver pciehp loaded
[    0.639747] pciehp 0000:00:18.0:pcie004: Slot #256 AttnBtn+ PwrCtrl+ MRL- AttnInd- PwrInd- HotPlug+ Surprise- Interlock- NoCompl+ LLActRep+
[    0.639827] pciehp 0000:00:18.0:pcie004: service driver pciehp loaded
[    0.639855] pciehp 0000:00:18.1:pcie004: Slot #257 AttnBtn+ PwrCtrl+ MRL- AttnInd- PwrInd- HotPlug+ Surprise- Interlock- NoCompl+ LLActRep+
[    0.639920] pciehp 0000:00:18.1:pcie004: service driver pciehp loaded
[    0.639962] pciehp 0000:00:18.2:pcie004: Slot #258 AttnBtn+ PwrCtrl+ MRL- AttnInd- PwrInd- HotPlug+ Surprise- Interlock- NoCompl+ LLActRep+
[    0.640084] pciehp 0000:00:18.2:pcie004: service driver pciehp loaded
[    0.640114] pciehp 0000:00:18.3:pcie004: Slot #259 AttnBtn+ PwrCtrl+ MRL- AttnInd- PwrInd- HotPlug+ Surprise- Interlock- NoCompl+ LLActRep+
[    0.640198] pciehp 0000:00:18.3:pcie004: service driver pciehp loaded
[    0.640229] pciehp 0000:00:18.4:pcie004: Slot #260 AttnBtn+ PwrCtrl+ MRL- AttnInd- PwrInd- HotPlug+ Surprise- Interlock- NoCompl+ LLActRep+
[    0.640321] pciehp 0000:00:18.4:pcie004: service driver pciehp loaded
[    0.640350] pciehp 0000:00:18.5:pcie004: Slot #261 AttnBtn+ PwrCtrl+ MRL- AttnInd- PwrInd- HotPlug+ Surprise- Interlock- NoCompl+ LLActRep+
[    0.640428] pciehp 0000:00:18.5:pcie004: service driver pciehp loaded
[    0.640457] pciehp 0000:00:18.6:pcie004: Slot #262 AttnBtn+ PwrCtrl+ MRL- AttnInd- PwrInd- HotPlug+ Surprise- Interlock- NoCompl+ LLActRep+
[    0.640596] pciehp 0000:00:18.6:pcie004: service driver pciehp loaded
[    0.640625] pciehp 0000:00:18.7:pcie004: Slot #263 AttnBtn+ PwrCtrl+ MRL- AttnInd- PwrInd- HotPlug+ Surprise- Interlock- NoCompl+ LLActRep+
[    0.640714] pciehp 0000:00:18.7:pcie004: service driver pciehp loaded
[    0.640723] pciehp: PCI Express Hot Plug Controller Driver version: 0.4
[    0.640744] intel_idle: does not run on family 6 model 78
[    0.640852] ERST DBG: ERST support is disabled.
[    0.641039] Serial: 8250/16550 driver, 4 ports, IRQ sharing enabled
[    0.663281] 00:05: ttyS0 at I/O 0x3f8 (irq = 4, base_baud = 115200) is a 16550A
[    0.668689] brd: module loaded
[    0.668717] ehci_hcd: USB 2.0 'Enhanced' Host Controller (EHCI) Driver
[    0.668718] ehci-pci: EHCI PCI platform driver
[    0.669034] ehci-pci 0000:02:03.0: EHCI Host Controller
[    0.669040] ehci-pci 0000:02:03.0: new USB bus registered, assigned bus number 1
[    0.669230] ehci-pci 0000:02:03.0: cache line size of 64 is not supported
[    0.669256] ehci-pci 0000:02:03.0: irq 17, io mem 0xfd5ef000
[    0.679946] ehci-pci 0000:02:03.0: USB 2.0 started, EHCI 1.00
[    0.680023] usb usb1: New USB device found, idVendor=1d6b, idProduct=0002
[    0.680025] usb usb1: New USB device strings: Mfr=3, Product=2, SerialNumber=1
[    0.680026] usb usb1: Product: EHCI Host Controller
[    0.680027] usb usb1: Manufacturer: Linux 4.9.32-0-hardened ehci_hcd
[    0.680028] usb usb1: SerialNumber: 0000:02:03.0
[    0.680198] hub 1-0:1.0: USB hub found
[    0.680219] hub 1-0:1.0: 6 ports detected
[    0.680458] i8042: PNP: PS/2 Controller [PNP0303:KBC,PNP0f13:MOUS] at 0x60,0x64 irq 1,12
[    0.681273] serio: i8042 KBD port at 0x60,0x64 irq 1
[    0.681281] serio: i8042 AUX port at 0x60,0x64 irq 12
[    0.681794] rtc_cmos 00:01: rtc core: registered rtc_cmos as rtc0
[    0.681913] rtc_cmos 00:01: alarms up to one month, y3k, 114 bytes nvram, hpet irqs
[    0.681924] intel_pstate: Intel P-state driver initializing
[    0.681958] cpufreq: cpufreq_online: Failed to initialize policy for cpu: 0 (-19)
[    0.682750] gre: GRE over IPv4 demultiplexor driver
[    0.682772] Key type dns_resolver registered
[    0.682823] microcode: sig=0x406e3, pf=0x1, revision=0x74
[    0.682863] microcode: Microcode Update Driver: v2.01 <tigran@aivazian.fsnet.co.uk>, Peter Oruba
[    0.682960] registered taskstats version 1
[    0.684862] input: AT Translated Set 2 keyboard as /devices/platform/i8042/serio0/input/input0
[    0.687133] rtc_cmos 00:01: setting system clock to 2017-10-11 22:46:32 UTC (1507761992)
[    0.688185] Freeing unused kernel memory: 1260K (ffffffff81da7000 - ffffffff81ee2000)
[    0.688186] Write protecting the kernel read-only data: 10240k
[    0.688471] Freeing unused kernel memory: 1536K (ffff880001680000 - ffff880001800000)
[    0.688586] Freeing unused kernel memory: 64K (ffff8800019f0000 - ffff880001a00000)
[    0.697849] SCSI subsystem initialized
[    0.698617] usbcore: registered new interface driver usb-storage
[    0.702756] loop: module loaded
[    0.742049] libata version 3.00 loaded.
[    0.742266] ata_piix 0000:00:07.1: version 2.13
[    0.746501] scsi host0: ata_piix
[    0.749700] scsi host1: ata_piix
[    0.749747] ata1: PATA max UDMA/33 cmd 0x1f0 ctl 0x3f6 bmdma 0x1060 irq 14
[    0.749748] ata2: PATA max UDMA/33 cmd 0x170 ctl 0x376 bmdma 0x1068 irq 15
[    0.920410] ata2.00: ATAPI: VMware Virtual IDE CDROM Drive, 00000001, max UDMA/33
[    0.925438] ata2.00: configured for UDMA/33
[    0.926609] scsi 1:0:0:0: CD-ROM            NECVMWar VMware IDE CDR10 1.00 PQ: 0 ANSI: 5
[    0.927927] Fusion MPT base driver 3.04.20
[    0.927930] Copyright (c) 1999-2008 LSI Corporation
[    0.928366] Fusion MPT SPI Host driver 3.04.20
[    0.928971] mptbase: ioc0: Initiating bringup
[    1.003250] usb 1-1: new high-speed USB device number 2 using ehci-pci
[    1.016653] ioc0: 
[    1.016660] LSI53C1030 B0: 
[    1.016663] Capabilities={
[    1.016666] Initiator
[    1.016668] }
[    1.147316] usb 1-1: New USB device found, idVendor=03f0, idProduct=5a07
[    1.147320] usb 1-1: New USB device strings: Mfr=1, Product=2, SerialNumber=3
[    1.147322] usb 1-1: Product: v220w
[    1.147325] usb 1-1: Manufacturer: HP
[    1.147327] usb 1-1: SerialNumber: 00187D0F070D5BE2D229C816
[    1.150172] usb-storage 1-1:1.0: USB Mass Storage device detected
[    1.150330] scsi host2: usb-storage 1-1:1.0
[    1.217550] scsi host3: ioc0: LSI53C1030 B0, FwRev=01032920h, Ports=1, MaxQ=128, IRQ=17
[    1.357195] scsi 3:0:0:0: Direct-Access     VMware,  VMware Virtual S 1.0  PQ: 0 ANSI: 2
[    1.357208] scsi target3:0:0: Beginning Domain Validation
[    1.358186] scsi target3:0:0: Domain Validation skipping write tests
[    1.358189] scsi target3:0:0: Ending Domain Validation
[    1.358233] scsi target3:0:0: FAST-40 WIDE SCSI 80.0 MB/s ST (25 ns, offset 127)
[    1.365089] sd 3:0:0:0: [sda] 8388608 512-byte logical blocks: (4.29 GB/4.00 GiB)
[    1.365153] sd 3:0:0:0: [sda] Write Protect is off
[    1.365158] sd 3:0:0:0: [sda] Mode Sense: 61 00 00 00
[    1.365233] sd 3:0:0:0: [sda] Cache data unavailable
[    1.365237] sd 3:0:0:0: [sda] Assuming drive cache: write through
[    1.366909]  sda: sda1 sda2 sda3
[    1.367665] sd 3:0:0:0: [sda] Attached SCSI disk
[    1.370170] uhci_hcd: USB Universal Host Controller Interface driver
[    1.370216] uhci_hcd 0000:02:00.0: UHCI Host Controller
[    1.370229] uhci_hcd 0000:02:00.0: new USB bus registered, assigned bus number 2
[    1.370326] uhci_hcd 0000:02:00.0: irq 18, io base 0x00002080
[    1.370447] usb usb2: New USB device found, idVendor=1d6b, idProduct=0001
[    1.370451] usb usb2: New USB device strings: Mfr=3, Product=2, SerialNumber=1
[    1.370453] usb usb2: Product: UHCI Host Controller
[    1.370456] usb usb2: Manufacturer: Linux 4.9.32-0-hardened uhci_hcd
[    1.370458] usb usb2: SerialNumber: 0000:02:00.0
[    1.370853] hub 2-0:1.0: USB hub found
[    1.370879] hub 2-0:1.0: 2 ports detected
[    1.377431] sr 1:0:0:0: [sr0] scsi3-mmc drive: 1x/1x writer dvd-ram cd/rw xa/form2 cdda tray
[    1.377434] cdrom: Uniform CD-ROM driver Revision: 3.20
[    1.377735] sr 1:0:0:0: Attached scsi CD-ROM sr0
[    1.378303] usbcore: registered new interface driver uas
[    1.583413] random: fast init done
[    1.689950] usb 2-1: new full-speed USB device number 2 using uhci_hcd
[    1.764339] EXT4-fs (sda3): INFO: recovery required on readonly filesystem
[    1.764341] EXT4-fs (sda3): write access will be enabled during recovery
[    1.829232] usb 2-1: New USB device found, idVendor=0e0f, idProduct=0003
[    1.829234] usb 2-1: New USB device strings: Mfr=1, Product=2, SerialNumber=0
[    1.829235] usb 2-1: Product: VMware Virtual USB Mouse
[    1.829236] usb 2-1: Manufacturer: VMware
[    1.879719] EXT4-fs (sda3): recovery complete
[    1.880192] EXT4-fs (sda3): mounted filesystem with ordered data mode. Opts: (null)
[    1.946583] usb 2-2: new full-speed USB device number 3 using uhci_hcd
[    2.077559] usb 2-2: New USB device found, idVendor=0e0f, idProduct=0002
[    2.077561] usb 2-2: New USB device strings: Mfr=0, Product=1, SerialNumber=0
[    2.077563] usb 2-2: Product: VMware Virtual USB Hub
[    2.080364] hub 2-2:1.0: USB hub found
[    2.080801] hub 2-2:1.0: 7 ports detected
[    2.145623] ACPI: AC Adapter [ACAD] (on-line)
[    2.154054] input: Power Button as /devices/LNXSYSTM:00/LNXPWRBN:00/input/input2
[    2.154057] ACPI: Power Button [PWRF]
[    2.165143] scsi 2:0:0:0: Direct-Access     hp       v220w            PMAP PQ: 0 ANSI: 6
[    2.167168] sd 2:0:0:0: [sdb] 60555264 512-byte logical blocks: (31.0 GB/28.9 GiB)
[    2.167993] sd 2:0:0:0: [sdb] Write Protect is off
[    2.167996] sd 2:0:0:0: [sdb] Mode Sense: 45 00 00 00
[    2.168894] Floppy drive(s): fd0 is 1.44M
[    2.170157] sd 2:0:0:0: [sdb] Write cache: disabled, read cache: enabled, doesn't support DPO or FUA
[    2.174798]  sdb: sdb1
[    2.181261] sd 2:0:0:0: [sdb] Attached SCSI removable disk
[    5.386628] floppy0: no floppy controllers found
[    5.386674] work still pending
[    5.390608] FUJITSU Extended Socket Network Device Driver - version 1.1 - Copyright (c) 2015 FUJITSU LIMITED
[    5.395175] RAPL PMU: API unit is 2^-32 Joules, 5 fixed counters, 10737418240 ms ovfl timer
[    5.395177] RAPL PMU: hw unit of domain pp0-core 2^-0 Joules
[    5.395178] RAPL PMU: hw unit of domain package 2^-0 Joules
[    5.395178] RAPL PMU: hw unit of domain dram 2^-0 Joules
[    5.395179] RAPL PMU: hw unit of domain pp1-gpu 2^-0 Joules
[    5.395180] RAPL PMU: hw unit of domain psys 2^-0 Joules
[    5.421771] AVX2 version of gcm_enc/dec engaged.
[    5.421772] AES CTR mode by8 optimization enabled
[    5.436074] vmw_vmci 0000:00:07.7: Found VMCI PCI device at 0x11080, irq 16
[    5.436134] vmw_vmci 0000:00:07.7: Using capabilities 0xc
[    5.436712] Guest personality initialized and is active
[    5.436776] VMCI host device registered (name=vmci, major=10, minor=58)
[    5.436777] Initialized host personality
[    6.347013] Linux agpgart interface v0.103
[    6.356728] [drm] Initialized
[    6.370326] shpchp: Standard Hot Plug PCI Controller Driver version: 0.4
[    6.372947] e1000: Intel(R) PRO/1000 Network Driver - version 7.3.21-k8-NAPI
[    6.372980] e1000: Copyright (c) 1999-2006 Intel Corporation.
[    6.764384] e1000 0000:02:01.0 eth0: (PCI:66MHz:32-bit) 00:0c:29:e4:6a:54
[    6.764393] e1000 0000:02:01.0 eth0: Intel(R) PRO/1000 Network Connection
[    6.766476] piix4_smbus 0000:00:07.3: SMBus Host Controller not enabled!
[    6.772101] agpgart-intel 0000:00:00.0: Intel 440BX Chipset
[    6.772581] agpgart-intel 0000:00:00.0: AGP aperture is 256M @ 0x0
[    6.774641] input: PC Speaker as /devices/platform/pcspkr/input/input3
[    6.782395] input: VirtualPS/2 VMware VMMouse as /devices/platform/i8042/serio1/input/input5
[    6.782589] input: VirtualPS/2 VMware VMMouse as /devices/platform/i8042/serio1/input/input4
[    6.786902] hidraw: raw HID events driver (C) Jiri Kosina
[    6.798616] mousedev: PS/2 mouse device common for all mice
[    6.817049] usbcore: registered new interface driver usbhid
[    6.817051] usbhid: USB HID core driver
[    6.829971] input: VMware VMware Virtual USB Mouse as /devices/pci0000:00/0000:00:11.0/0000:02:00.0/usb2/2-1/2-1:1.0/0003:0E0F:0003.0001/input/input6
[    6.830138] hid-generic 0003:0E0F:0003.0001: input,hidraw0: USB HID v1.10 Mouse [VMware VMware Virtual USB Mouse] on usb-0000:02:00.0-1/input0
[    6.878329] Floppy drive(s): fd0 is 1.44M
[   10.079973] floppy0: no floppy controllers found
[   10.080026] work still pending
[   10.119384] NET: Registered protocol family 17
[   10.133596] grsec: time set by /bin/busybox[hwclock:3350] uid/euid:0/0 gid/egid:0/0, parent /lib/rc/sh/openrc-run.sh[openrc-run.sh:3328] uid/euid:0/0 gid/egid:0/0
[   10.157051] grsec: time set by /bin/busybox[hwclock:3354] uid/euid:0/0 gid/egid:0/0, parent /lib/rc/sh/openrc-run.sh[openrc-run.sh:3328] uid/euid:0/0 gid/egid:0/0
[   10.174662] EXT4-fs (sda3): re-mounted. Opts: data=ordered
[   10.303301] random: crng init done
[   10.396538] Adding 1048572k swap on /dev/sda2.  Priority:-1 extents:1 across:1048572k 
[   10.644628] EXT4-fs (sda1): recovery complete
[   10.644857] EXT4-fs (sda1): mounted filesystem with ordered data mode. Opts: data=ordered
